Archive member included because of file (symbol)

/usr/local/lpcxpresso_7.3.0_186/lpcxpresso/tools/bin/../lib/gcc/arm-none-eabi/4.8.4/armv6-m/libgcc.a(_udivsi3.o)
                              build/obj/serial_lld.o (__aeabi_uidiv)
/usr/local/lpcxpresso_7.3.0_186/lpcxpresso/tools/bin/../lib/gcc/arm-none-eabi/4.8.4/armv6-m/libgcc.a(_divsi3.o)
                              build/obj/HP03.o (__aeabi_idiv)
/usr/local/lpcxpresso_7.3.0_186/lpcxpresso/tools/bin/../lib/gcc/arm-none-eabi/4.8.4/armv6-m/libgcc.a(_dvmd_tls.o)
                              /usr/local/lpcxpresso_7.3.0_186/lpcxpresso/tools/bin/../lib/gcc/arm-none-eabi/4.8.4/armv6-m/libgcc.a(_udivsi3.o) (__aeabi_idiv0)
/usr/local/lpcxpresso_7.3.0_186/lpcxpresso/tools/bin/../lib/gcc/arm-none-eabi/4.8.4/armv6-m/libgcc.a(_arm_cmpsf2.o)
                              build/obj/mymath.o (__aeabi_fcmpge)
/usr/local/lpcxpresso_7.3.0_186/lpcxpresso/tools/bin/../lib/gcc/arm-none-eabi/4.8.4/armv6-m/libgcc.a(addsf3.o)
                              build/obj/mymath.o (__aeabi_fadd)
/usr/local/lpcxpresso_7.3.0_186/lpcxpresso/tools/bin/../lib/gcc/arm-none-eabi/4.8.4/armv6-m/libgcc.a(divsf3.o)
                              build/obj/Kalman.o (__aeabi_fdiv)
/usr/local/lpcxpresso_7.3.0_186/lpcxpresso/tools/bin/../lib/gcc/arm-none-eabi/4.8.4/armv6-m/libgcc.a(eqsf2.o)
                              /usr/local/lpcxpresso_7.3.0_186/lpcxpresso/tools/bin/../lib/gcc/arm-none-eabi/4.8.4/armv6-m/libgcc.a(_arm_cmpsf2.o) (__eqsf2)
/usr/local/lpcxpresso_7.3.0_186/lpcxpresso/tools/bin/../lib/gcc/arm-none-eabi/4.8.4/armv6-m/libgcc.a(gesf2.o)
                              /usr/local/lpcxpresso_7.3.0_186/lpcxpresso/tools/bin/../lib/gcc/arm-none-eabi/4.8.4/armv6-m/libgcc.a(_arm_cmpsf2.o) (__gesf2)
/usr/local/lpcxpresso_7.3.0_186/lpcxpresso/tools/bin/../lib/gcc/arm-none-eabi/4.8.4/armv6-m/libgcc.a(lesf2.o)
                              /usr/local/lpcxpresso_7.3.0_186/lpcxpresso/tools/bin/../lib/gcc/arm-none-eabi/4.8.4/armv6-m/libgcc.a(_arm_cmpsf2.o) (__lesf2)
/usr/local/lpcxpresso_7.3.0_186/lpcxpresso/tools/bin/../lib/gcc/arm-none-eabi/4.8.4/armv6-m/libgcc.a(mulsf3.o)
                              build/obj/mymath.o (__aeabi_fmul)
/usr/local/lpcxpresso_7.3.0_186/lpcxpresso/tools/bin/../lib/gcc/arm-none-eabi/4.8.4/armv6-m/libgcc.a(subsf3.o)
                              build/obj/mymath.o (__aeabi_fsub)
/usr/local/lpcxpresso_7.3.0_186/lpcxpresso/tools/bin/../lib/gcc/arm-none-eabi/4.8.4/armv6-m/libgcc.a(fixsfsi.o)
                              build/obj/mymath.o (__aeabi_f2iz)
/usr/local/lpcxpresso_7.3.0_186/lpcxpresso/tools/bin/../lib/gcc/arm-none-eabi/4.8.4/armv6-m/libgcc.a(floatsisf.o)
                              build/obj/mymath.o (__aeabi_i2f)
/usr/local/lpcxpresso_7.3.0_186/lpcxpresso/tools/bin/../lib/gcc/arm-none-eabi/4.8.4/armv6-m/libgcc.a(_clzsi2.o)
                              /usr/local/lpcxpresso_7.3.0_186/lpcxpresso/tools/bin/../lib/gcc/arm-none-eabi/4.8.4/armv6-m/libgcc.a(addsf3.o) (__clzsi2)
/usr/local/lpcxpresso_7.3.0_186/lpcxpresso/tools/bin/../lib/gcc/arm-none-eabi/4.8.4/../../../../arm-none-eabi/lib/armv6-m/libg.a(lib_a-memcpy-stub.o)
                              build/obj/Endpoint_LPC11Uxx.o (memcpy)
/usr/local/lpcxpresso_7.3.0_186/lpcxpresso/tools/bin/../lib/gcc/arm-none-eabi/4.8.4/../../../../arm-none-eabi/lib/armv6-m/libg.a(lib_a-memset.o)
                              build/obj/syscalls.o (memset)
/usr/local/lpcxpresso_7.3.0_186/lpcxpresso/tools/bin/../lib/gcc/arm-none-eabi/4.8.4/../../../../arm-none-eabi/lib/armv6-m/libg.a(lib_a-strlen.o)
                              build/obj/CDCClassDevice.o (strlen)

Discarded input sections

 .text          0x00000000        0x0 build/obj/crt0.o
 .data          0x00000000        0x0 build/obj/crt0.o
 .bss           0x00000000        0x0 build/obj/crt0.o
 .text.__early_init
                0x00000000        0x4 build/obj/crt0.o
 .text          0x00000000        0x0 build/obj/vectors.o
 .data          0x00000000        0x0 build/obj/vectors.o
 .bss           0x00000000        0x0 build/obj/vectors.o
 .text          0x00000000        0x0 build/obj/chcore.o
 .data          0x00000000        0x0 build/obj/chcore.o
 .bss           0x00000000        0x0 build/obj/chcore.o
 .text          0x00000000        0x0 build/obj/chcore_v6m.o
 .data          0x00000000        0x0 build/obj/chcore_v6m.o
 .bss           0x00000000        0x0 build/obj/chcore_v6m.o
 .text          0x00000000        0x0 build/obj/nvic.o
 .data          0x00000000        0x0 build/obj/nvic.o
 .bss           0x00000000        0x0 build/obj/nvic.o
 .text.nvicDisableVector
                0x00000000       0x38 build/obj/nvic.o
 .text          0x00000000        0x0 build/obj/chsys.o
 .data          0x00000000        0x0 build/obj/chsys.o
 .bss           0x00000000        0x0 build/obj/chsys.o
 .text          0x00000000        0x0 build/obj/chdebug.o
 .data          0x00000000        0x0 build/obj/chdebug.o
 .bss           0x00000000        0x0 build/obj/chdebug.o
[...]
Memory Configuration

Name             Origin             Length             Attributes
flash            0x00000000         0x00008000
ram              0x10000000         0x00001000
usbram           0x20004000         0x00000800
*default*        0x00000000         0xffffffff

Linker script and memory map

LOAD build/obj/crt0.o
LOAD build/obj/vectors.o
LOAD build/obj/chcore.o
LOAD build/obj/chcore_v6m.o
LOAD build/obj/nvic.o
LOAD build/obj/chsys.o
LOAD build/obj/chdebug.o
LOAD build/obj/chlists.o
LOAD build/obj/chvt.o
LOAD build/obj/chschd.o
LOAD build/obj/chthreads.o
LOAD build/obj/chdynamic.o
LOAD build/obj/chregistry.o
LOAD build/obj/chsem.o
LOAD build/obj/chmtx.o
LOAD build/obj/chcond.o
LOAD build/obj/chevents.o
LOAD build/obj/chmsg.o
LOAD build/obj/chmboxes.o
LOAD build/obj/chqueues.o
LOAD build/obj/chmemcore.o
LOAD build/obj/chheap.o
LOAD build/obj/chmempools.o
LOAD build/obj/hal.o
LOAD build/obj/adc.o
LOAD build/obj/can.o
LOAD build/obj/ext.o
LOAD build/obj/gpt.o
LOAD build/obj/i2c.o
LOAD build/obj/icu.o
LOAD build/obj/mac.o
LOAD build/obj/mmc_spi.o
LOAD build/obj/mmcsd.o
LOAD build/obj/pal.o
LOAD build/obj/pwm.o
LOAD build/obj/rtc.o
LOAD build/obj/sdc.o
LOAD build/obj/serial.o
LOAD build/obj/serial_usb.o
LOAD build/obj/spi.o
LOAD build/obj/tm.o
LOAD build/obj/uart.o
LOAD build/obj/usb.o
LOAD build/obj/hal_lld.o
LOAD build/obj/gpt_lld.o
LOAD build/obj/pal_lld.o
LOAD build/obj/spi_lld.o
LOAD build/obj/serial_lld.o
LOAD build/obj/ext_lld.o
LOAD build/obj/ext_lld_isr.o
LOAD build/obj/i2c_lld.o
LOAD build/obj/pwm_lld.o
LOAD build/obj/board.o
LOAD build/obj/evtimer.o
LOAD build/obj/syscalls.o
LOAD build/obj/ConfigDescriptor.o
LOAD build/obj/Device.o
LOAD build/obj/DeviceStandardReq.o
LOAD build/obj/Endpoint.o
LOAD build/obj/EndpointStream.o
LOAD build/obj/Events.o
LOAD build/obj/Pipe.o
LOAD build/obj/PipeStream.o
LOAD build/obj/USBController.o
LOAD build/obj/USBMemory.o
LOAD build/obj/USBTask.o
LOAD build/obj/HAL_LPC11Uxx.o
LOAD build/obj/Endpoint_LPC11Uxx.o
LOAD build/obj/CDCClassDevice.o
LOAD build/obj/mymath.o
LOAD build/obj/Kalman.o
LOAD build/obj/Descriptors.o
LOAD build/obj/HP03.o
LOAD build/obj/itoa.o
LOAD build/obj/LCD.o
LOAD build/obj/RTC_r2051.o
LOAD build/obj/VirtualSerial.o
LOAD build/obj/eeprom.o
LOAD build/obj/logger.o
LOAD build/obj/main.o
                0x00000100                __main_stack_size__ = 0x100
                0x00000200                __process_stack_size__ = 0x200
                0x10000000                __ram_start__ = ORIGIN (ram)
                0x00001000                __ram_size__ = 0x1000
                0x10001000                __ram_end__ = (__ram_start__ + __ram_size__)
                0x00000000                . = 0x0
                0x00000000                _text = .

startup         0x00000000       0xc0
 *(vectors)
 vectors        0x00000000       0xc0 build/obj/vectors.o
                0x00000000                _vectors

constructors    0x000000c0        0x0
                0x000000c0                PROVIDE (__init_array_start, .)
 *(SORT(.init_array.*))
 *(.init_array)
                0x000000c0                PROVIDE (__init_array_end, .)

destructors     0x000000c0        0x0
                0x000000c0                PROVIDE (__fini_array_start, .)
 *(.fini_array)
 *(SORT(.fini_array.*))
                0x000000c0                PROVIDE (__fini_array_end, .)

.text           0x000000c0     0x5b28
 *(.text.startup.*)
 *(.text)
 .text          0x000000c0       0x9c /usr/local/lpcxpresso_7.3.0_186/lpcxpresso/tools/bin/../lib/gcc/arm-none-eabi/4.8.4/armv6-m/libgcc.a(_udivsi3.o)
                0x000000c0                __udivsi3
                0x000000c0                __aeabi_uidiv
                0x00000148                __aeabi_uidivmod
 *fill*         0x0000015c        0x4 
 .text          0x00000160       0xc0 /usr/local/lpcxpresso_7.3.0_186/lpcxpresso/tools/bin/../lib/gcc/arm-none-eabi/4.8.4/armv6-m/libgcc.a(_divsi3.o)
                0x00000160                __aeabi_idiv
                0x00000160                __divsi3
                0x0000020c                __aeabi_idivmod
 .text          0x00000220        0x4 /usr/local/lpcxpresso_7.3.0_186/lpcxpresso/tools/bin/../lib/gcc/arm-none-eabi/4.8.4/armv6-m/libgcc.a(_dvmd_tls.o)
                0x00000220                __aeabi_ldiv0
                0x00000220                __aeabi_idiv0
 *fill*         0x00000224        0xc 
 .text          0x00000230       0x74 /usr/local/lpcxpresso_7.3.0_186/lpcxpresso/tools/bin/../lib/gcc/arm-none-eabi/4.8.4/armv6-m/libgcc.a(_arm_cmpsf2.o)
                0x00000230                __aeabi_cfrcmple
                0x00000238                __aeabi_cfcmple
                0x00000238                __aeabi_cfcmpeq
                0x00000248                __aeabi_fcmpeq
                0x00000254                __aeabi_fcmplt
                0x00000268                __aeabi_fcmple
                0x0000027c                __aeabi_fcmpgt
                0x00000290                __aeabi_fcmpge
 *fill*         0x000002a4        0xc 
 .text          0x000002b0      0x2d8 /usr/local/lpcxpresso_7.3.0_186/lpcxpresso/tools/bin/../lib/gcc/arm-none-eabi/4.8.4/armv6-m/libgcc.a(addsf3.o)
                0x000002b0                __aeabi_fadd
 *fill*         0x00000588        0x8 
 .text          0x00000590      0x24c /usr/local/lpcxpresso_7.3.0_186/lpcxpresso/tools/bin/../lib/gcc/arm-none-eabi/4.8.4/armv6-m/libgcc.a(divsf3.o)
                0x00000590                __aeabi_fdiv
 *fill*         0x000007dc        0x4 
 .text          0x000007e0       0x54 /usr/local/lpcxpresso_7.3.0_186/lpcxpresso/tools/bin/../lib/gcc/arm-none-eabi/4.8.4/armv6-m/libgcc.a(eqsf2.o)
                0x000007e0                __nesf2
                0x000007e0                __eqsf2
 *fill*         0x00000834        0xc 
 .text          0x00000840       0x90 /usr/local/lpcxpresso_7.3.0_186/lpcxpresso/tools/bin/../lib/gcc/arm-none-eabi/4.8.4/armv6-m/libgcc.a(gesf2.o)
                0x00000840                __gtsf2
                0x00000840                __gesf2
 .text          0x000008d0       0x98 /usr/local/lpcxpresso_7.3.0_186/lpcxpresso/tools/bin/../lib/gcc/arm-none-eabi/4.8.4/armv6-m/libgcc.a(lesf2.o)
                0x000008d0                __lesf2
                0x000008d0                __ltsf2
 *fill*         0x00000968        0x8 
 .text          0x00000970      0x254 /usr/local/lpcxpresso_7.3.0_186/lpcxpresso/tools/bin/../lib/gcc/arm-none-eabi/4.8.4/armv6-m/libgcc.a(mulsf3.o)
                0x00000970                __aeabi_fmul
 *fill*         0x00000bc4        0xc 
 .text          0x00000bd0      0x2ec /usr/local/lpcxpresso_7.3.0_186/lpcxpresso/tools/bin/../lib/gcc/arm-none-eabi/4.8.4/armv6-m/libgcc.a(subsf3.o)
                0x00000bd0                __aeabi_fsub
 *fill*         0x00000ebc        0x4 
 .text          0x00000ec0       0x40 /usr/local/lpcxpresso_7.3.0_186/lpcxpresso/tools/bin/../lib/gcc/arm-none-eabi/4.8.4/armv6-m/libgcc.a(fixsfsi.o)
                0x00000ec0                __aeabi_f2iz
 .text          0x00000f00       0xb8 /usr/local/lpcxpresso_7.3.0_186/lpcxpresso/tools/bin/../lib/gcc/arm-none-eabi/4.8.4/armv6-m/libgcc.a(floatsisf.o)
                0x00000f00                __aeabi_i2f
 *fill*         0x00000fb8        0x8 
 .text          0x00000fc0       0x3c /usr/local/lpcxpresso_7.3.0_186/lpcxpresso/tools/bin/../lib/gcc/arm-none-eabi/4.8.4/armv6-m/libgcc.a(_clzsi2.o)
                0x00000fc0                __clzsi2
 *(.text.*)
 *fill*         0x00000ffc        0x4 
 .text.__late_init
                0x00001000        0x4 build/obj/crt0.o
                0x00001000                __late_init
 *fill*         0x00001004        0xc 
 .text._default_exit
                0x00001010        0x4 build/obj/crt0.o
                0x00001010                _default_exit
 *fill*         0x00001014        0xc 
 .text.ResetHandler
                0x00001020      0x134 build/obj/crt0.o
                0x00001020                ResetHandler
 *fill*         0x00001154        0xc 
 .text._unhandled_exception
                0x00001160        0x4 build/obj/vectors.o
                0x00001160                Vector58
                0x00001160                Vector9C
                0x00001160                VectorAC
                0x00001160                Vector5C
                0x00001160                Vector8C
                0x00001160                VectorA8
                0x00001160                VectorB4
                0x00001160                Vector74
                0x00001160                UsageFaultVector
                0x00001160                DebugMonitorVector
                0x00001160                Vector40
                0x00001160                VectorBC
                0x00001160                PendSVVector
                0x00001160                Vector64
                0x00001160                Vector54
                0x00001160                Vector98
                0x00001160                Vector24
                0x00001160                Vector84
                0x00001160                BusFaultVector
                0x00001160                SVCallVector
                0x00001160                HardFaultVector
                0x00001160                MemManageVector
                0x00001160                Vector6C
                0x00001160                VectorA0
                0x00001160                VectorB0
                0x00001160                Vector60
                0x00001160                Vector1C
                0x00001160                Vector48
                0x00001160                Vector70
                0x00001160                Vector4C
                0x00001160                Vector80
                0x00001160                Vector68
                0x00001160                Vector78
                0x00001160                _unhandled_exception
                0x00001160                Vector50
                0x00001160                Vector44
                0x00001160                Vector28
                0x00001160                VectorB8
                0x00001160                Vector34
                0x00001160                VectorA4
                0x00001160                Vector20
 *fill*         0x00001164        0xc 
 .text.port_halt
                0x00001170        0x4 build/obj/chcore.o
                0x00001170                port_halt
 *fill*         0x00001174        0xc 
 .text._port_switch_from_isr
                0x00001180       0x14 build/obj/chcore_v6m.o
                0x00001180                _port_switch_from_isr
 *fill*         0x00001194        0xc 
 .text.NMIVector
                0x000011a0       0x10 build/obj/chcore_v6m.o
                0x000011a0                NMIVector
 .text._port_irq_epilogue
                0x000011b0       0x64 build/obj/chcore_v6m.o
                0x000011b0                _port_irq_epilogue
 *fill*         0x00001214        0xc 
 .text.SysTickVector
                0x00001220       0x14 build/obj/chcore_v6m.o
                0x00001220                SysTickVector
 *fill*         0x00001234        0xc 
 .text._port_switch
                0x00001240       0x20 build/obj/chcore_v6m.o
                0x00001240                _port_switch
 .text._port_thread_start
                0x00001260        0xc build/obj/chcore_v6m.o
                0x00001260                _port_thread_start
 *fill*         0x0000126c        0x4 
 .text.nvicEnableVector
                0x00001270       0x44 build/obj/nvic.o
                0x00001270                nvicEnableVector
 *fill*         0x000012b4        0xc 
 .text.nvicSetSystemHandlerPriority
                0x000012c0       0x28 build/obj/nvic.o
                0x000012c0                nvicSetSystemHandlerPriority
 *fill*         0x000012e8        0x8 
 .text._idle_thread
                0x000012f0       0x14 build/obj/chsys.o
                0x000012f0                _idle_thread
 *fill*         0x00001304        0xc 
 .text.chSysInit
                0x00001310       0x74 build/obj/chsys.o
                0x00001310                chSysInit
 *fill*         0x00001384        0xc 
 .text.chSysTimerHandlerI
                0x00001390       0x5c build/obj/chsys.o
                0x00001390                chSysTimerHandlerI
 *fill*         0x000013ec        0x4 
 .text._vt_init
                0x000013f0       0x18 build/obj/chvt.o
                0x000013f0                _vt_init
 *fill*         0x00001408        0x8 
 .text.chVTSetI
                0x00001410       0x38 build/obj/chvt.o
                0x00001410                chVTSetI
 *fill*         0x00001448        0x8 
 .text.chVTResetI
                0x00001450       0x28 build/obj/chvt.o
                0x00001450                chVTResetI
 *fill*         0x00001478        0x8 
 .text._scheduler_init
                0x00001480       0x14 build/obj/chschd.o
                0x00001480                _scheduler_init
 *fill*         0x00001494        0xc 
 .text.chSchReadyI
                0x000014a0       0x20 build/obj/chschd.o
                0x000014a0                chSchReadyI
 .text.wakeup   0x000014c0       0x48 build/obj/chschd.o
 *fill*         0x00001508        0x8 
 .text.chSchGoSleepS
                0x00001510       0x24 build/obj/chschd.o
                0x00001510                chSchGoSleepS
 *fill*         0x00001534        0xc 
 .text.chSchGoSleepTimeoutS
                0x00001540       0x40 build/obj/chschd.o
                0x00001540                chSchGoSleepTimeoutS
 .text.chSchWakeupS
                0x00001580       0x34 build/obj/chschd.o
                0x00001580                chSchWakeupS
 *fill*         0x000015b4        0xc 
 .text.chSchDoRescheduleBehind
                0x000015c0       0x2c build/obj/chschd.o
                0x000015c0                chSchDoRescheduleBehind
 *fill*         0x000015ec        0x4 
 .text.chSchDoRescheduleAhead
                0x000015f0       0x3c build/obj/chschd.o
                0x000015f0                chSchDoRescheduleAhead
 *fill*         0x0000162c        0x4 
 .text.chSchDoReschedule
                0x00001630       0x1c build/obj/chschd.o
                0x00001630                chSchDoReschedule
 *fill*         0x0000164c        0x4 
 .text._thread_init
                0x00001650       0x3c build/obj/chthreads.o
                0x00001650                _thread_init
 *fill*         0x0000168c        0x4 
 .text.chThdCreateI
                0x00001690       0x24 build/obj/chthreads.o
                0x00001690                chThdCreateI
 *fill*         0x000016b4        0xc 
 .text.chThdCreateStatic
                0x000016c0       0x20 build/obj/chthreads.o
                0x000016c0                chThdCreateStatic
 .text.chThdSleep
                0x000016e0       0x10 build/obj/chthreads.o
                0x000016e0                chThdSleep
 .text.chThdExitS
                0x000016f0       0x40 build/obj/chthreads.o
                0x000016f0                chThdExitS
 .text.chThdExit
                0x00001730        0xc build/obj/chthreads.o
                0x00001730                chThdExit
 *fill*         0x0000173c        0x4 
 .text.chMtxInit
                0x00001740        0xc build/obj/chmtx.o
                0x00001740                chMtxInit
 *fill*         0x0000174c        0x4 
 .text.chMtxLockS
                0x00001750       0xd0 build/obj/chmtx.o
                0x00001750                chMtxLockS
 .text.chMtxLock
                0x00001820        0xc build/obj/chmtx.o
                0x00001820                chMtxLock
 *fill*         0x0000182c        0x4 
 .text.chMtxUnlock
                0x00001830       0x58 build/obj/chmtx.o
                0x00001830                chMtxUnlock
 *fill*         0x00001888        0x8 
 .text.chEvtSignalI
                0x00001890       0x2c build/obj/chevents.o
                0x00001890                chEvtSignalI
 *fill*         0x000018bc        0x4 
 .text.chEvtBroadcastFlagsI
                0x000018c0       0x24 build/obj/chevents.o
                0x000018c0                chEvtBroadcastFlagsI
 *fill*         0x000018e4        0xc 
 .text.qwait    0x000018f0       0x28 build/obj/chqueues.o
 *fill*         0x00001918        0x8 
 .text.chIQInit
                0x00001920       0x1c build/obj/chqueues.o
                0x00001920                chIQInit
 *fill*         0x0000193c        0x4 
 .text.chIQPutI
                0x00001940       0x54 build/obj/chqueues.o
                0x00001940                chIQPutI
 *fill*         0x00001994        0xc 
 .text.chIQGetTimeout
                0x000019a0       0x44 build/obj/chqueues.o
                0x000019a0                chIQGetTimeout
 *fill*         0x000019e4        0xc 
 .text.chIQReadTimeout
                0x000019f0       0x70 build/obj/chqueues.o
                0x000019f0                chIQReadTimeout
 .text.chOQInit
                0x00001a60       0x18 build/obj/chqueues.o
                0x00001a60                chOQInit
 *fill*         0x00001a78        0x8 
 .text.chOQPutTimeout
                0x00001a80       0x4c build/obj/chqueues.o
                0x00001a80                chOQPutTimeout
 *fill*         0x00001acc        0x4 
 .text.chOQGetI
                0x00001ad0       0x4c build/obj/chqueues.o
                0x00001ad0                chOQGetI
 *fill*         0x00001b1c        0x4 
 .text.chOQWriteTimeout
                0x00001b20       0x78 build/obj/chqueues.o
                0x00001b20                chOQWriteTimeout
 *fill*         0x00001b98        0x8 
 .text._core_init
                0x00001ba0       0x28 build/obj/chmemcore.o
                0x00001ba0                _core_init
 *fill*         0x00001bc8        0x8 
 .text.chCoreAllocI
                0x00001bd0       0x28 build/obj/chmemcore.o
                0x00001bd0                chCoreAllocI
 *fill*         0x00001bf8        0x8 
 .text.chCoreAlloc
                0x00001c00        0xc build/obj/chmemcore.o
                0x00001c00                chCoreAlloc
 *fill*         0x00001c0c        0x4 
 .text._heap_init
                0x00001c10       0x20 build/obj/chheap.o
                0x00001c10                _heap_init
 .text.chHeapAlloc
                0x00001c30       0x80 build/obj/chheap.o
                0x00001c30                chHeapAlloc
 .text.chHeapFree
                0x00001cb0       0x74 build/obj/chheap.o
                0x00001cb0                chHeapFree
 *fill*         0x00001d24        0xc 
 .text.halInit  0x00001d30       0x28 build/obj/hal.o
                0x00001d30                halInit
 *fill*         0x00001d58        0x8 
 .text.i2cInit  0x00001d60        0x8 build/obj/i2c.o
                0x00001d60                i2cInit
 *fill*         0x00001d68        0x8 
 .text.i2cObjectInit
                0x00001d70       0x14 build/obj/i2c.o
                0x00001d70                i2cObjectInit
 *fill*         0x00001d84        0xc 
 .text.i2cStart
                0x00001d90       0x14 build/obj/i2c.o
                0x00001d90                i2cStart
 *fill*         0x00001da4        0xc 
 .text.i2cMasterTransmitTimeout
                0x00001db0       0x38 build/obj/i2c.o
                0x00001db0                i2cMasterTransmitTimeout
 *fill*         0x00001de8        0x8 
 .text.i2cMasterReceiveTimeout
                0x00001df0       0x30 build/obj/i2c.o
                0x00001df0                i2cMasterReceiveTimeout
 .text.i2cAcquireBus
                0x00001e20        0xc build/obj/i2c.o
                0x00001e20                i2cAcquireBus
 *fill*         0x00001e2c        0x4 
 .text.i2cReleaseBus
                0x00001e30        0x8 build/obj/i2c.o
                0x00001e30                i2cReleaseBus
 *fill*         0x00001e38        0x8 
 .text.pwmInit  0x00001e40        0x8 build/obj/pwm.o
                0x00001e40                pwmInit
 *fill*         0x00001e48        0x8 
 .text.pwmObjectInit
                0x00001e50        0xc build/obj/pwm.o
                0x00001e50                pwmObjectInit
 *fill*         0x00001e5c        0x4 
 .text.pwmStart
                0x00001e60       0x18 build/obj/pwm.o
                0x00001e60                pwmStart
 *fill*         0x00001e78        0x8 
 .text.pwmEnableChannel
                0x00001e80        0xc build/obj/pwm.o
                0x00001e80                pwmEnableChannel
 *fill*         0x00001e8c        0x4 
 .text.pwmDisableChannel
                0x00001e90        0xc build/obj/pwm.o
                0x00001e90                pwmDisableChannel
 *fill*         0x00001e9c        0x4 
 .text.readt    0x00001ea0        0xc build/obj/serial.o
 *fill*         0x00001eac        0x4 
 .text.read     0x00001eb0       0x10 build/obj/serial.o
 .text.writet   0x00001ec0        0xc build/obj/serial.o
 *fill*         0x00001ecc        0x4 
 .text.write    0x00001ed0       0x10 build/obj/serial.o
 .text.gett     0x00001ee0        0xc build/obj/serial.o
 *fill*         0x00001eec        0x4 
 .text.get      0x00001ef0       0x10 build/obj/serial.o
 .text.putt     0x00001f00        0xc build/obj/serial.o
 *fill*         0x00001f0c        0x4 
 .text.put      0x00001f10       0x10 build/obj/serial.o
 .text.sdInit   0x00001f20        0x8 build/obj/serial.o
                0x00001f20                sdInit
 *fill*         0x00001f28        0x8 
 .text.sdObjectInit
                0x00001f30       0x40 build/obj/serial.o
                0x00001f30                sdObjectInit
 .text.spiInit  0x00001f70        0x8 build/obj/spi.o
                0x00001f70                spiInit
 *fill*         0x00001f78        0x8 
 .text.spiObjectInit
                0x00001f80       0x14 build/obj/spi.o
                0x00001f80                spiObjectInit
 *fill*         0x00001f94        0xc 
 .text.spiStart
                0x00001fa0       0x14 build/obj/spi.o
                0x00001fa0                spiStart
 *fill*         0x00001fb4        0xc 
 .text.spiSend  0x00001fc0       0x24 build/obj/spi.o
                0x00001fc0                spiSend
 *fill*         0x00001fe4        0xc 
 .text.hal_lld_init
                0x00001ff0       0x24 build/obj/hal_lld.o
                0x00001ff0                hal_lld_init
 *fill*         0x00002014        0xc 
 .text.lpc_clock_init
                0x00002020       0x88 build/obj/hal_lld.o
                0x00002020                lpc_clock_init
 *fill*         0x000020a8        0x8 
 .text._pal_lld_init
                0x000020b0       0x2c build/obj/pal_lld.o
                0x000020b0                _pal_lld_init
 *fill*         0x000020dc        0x4 
 .text.ssp_fifo_preload
                0x000020e0       0x58 build/obj/spi_lld.o
 *fill*         0x00002138        0x8 
 .text.Vector90
                0x00002140       0xc8 build/obj/spi_lld.o
                0x00002140                Vector90
 *fill*         0x00002208        0x8 
 .text.spi_lld_init
                0x00002210       0x18 build/obj/spi_lld.o
                0x00002210                spi_lld_init
 *fill*         0x00002228        0x8 
 .text.spi_lld_start
                0x00002230       0x60 build/obj/spi_lld.o
                0x00002230                spi_lld_start
 .text.spi_lld_send
                0x00002290       0x1c build/obj/spi_lld.o
                0x00002290                spi_lld_send
 *fill*         0x000022ac        0x4 
 .text.notify1  0x000022b0       0x40 build/obj/serial_lld.o
 .text.Vector94
                0x000022f0       0xfc build/obj/serial_lld.o
                0x000022f0                Vector94
 *fill*         0x000023ec        0x4 
 .text.sd_lld_init
                0x000023f0       0x20 build/obj/serial_lld.o
                0x000023f0                sd_lld_init
 .text.i2c_lld_serve_error_interrupt
                0x00002410       0x44 build/obj/i2c_lld.o
 *fill*         0x00002454        0xc 
 .text.i2c_lld_safety_timeout
                0x00002460       0x20 build/obj/i2c_lld.o
 .text.Vector7C
                0x00002480      0x144 build/obj/i2c_lld.o
                0x00002480                Vector7C
 *fill*         0x000025c4        0xc 
 .text.i2c_lld_init
                0x000025d0       0x28 build/obj/i2c_lld.o
                0x000025d0                i2c_lld_init
 *fill*         0x000025f8        0x8 
 .text.i2c_lld_start
                0x00002600       0x94 build/obj/i2c_lld.o
                0x00002600                i2c_lld_start
 *fill*         0x00002694        0xc 
 .text.i2c_lld_master_receive_timeout
                0x000026a0       0x88 build/obj/i2c_lld.o
                0x000026a0                i2c_lld_master_receive_timeout
 *fill*         0x00002728        0x8 
 .text.i2c_lld_master_transmit_timeout
                0x00002730       0x90 build/obj/i2c_lld.o
                0x00002730                i2c_lld_master_transmit_timeout
 .text.Vector88
                0x000027c0       0x40 build/obj/pwm_lld.o
                0x000027c0                Vector88
 .text.pwm_lld_init
                0x00002800       0x24 build/obj/pwm_lld.o
                0x00002800                pwm_lld_init
 *fill*         0x00002824        0xc 
 .text.pwm_lld_start
                0x00002830       0xa4 build/obj/pwm_lld.o
                0x00002830                pwm_lld_start
 *fill*         0x000028d4        0xc 
 .text.pwm_lld_enable_channel
                0x000028e0       0x48 build/obj/pwm_lld.o
                0x000028e0                pwm_lld_enable_channel
 *fill*         0x00002928        0x8 
 .text.pwm_lld_disable_channel
                0x00002930       0x30 build/obj/pwm_lld.o
                0x00002930                pwm_lld_disable_channel
 .text.__early_init
                0x00002960        0x8 build/obj/board.o
                0x00002960                __early_init
 *fill*         0x00002968        0x8 
 .text.boardInit
                0x00002970       0x34 build/obj/board.o
                0x00002970                boardInit
 *fill*         0x000029a4        0xc 
 .text.USB_Device_ProcessControlRequest
                0x000029b0      0x480 build/obj/DeviceStandardReq.o
                0x000029b0                USB_Device_ProcessControlRequest
 .text.Endpoint_ClearStatusStage
                0x00002e30       0xb8 build/obj/Endpoint.o
                0x00002e30                Endpoint_ClearStatusStage
 *fill*         0x00002ee8        0x8 
 .text.Endpoint_Write_Stream_LE
                0x00002ef0       0xfc build/obj/EndpointStream.o
                0x00002ef0                Endpoint_Write_Stream_LE
 *fill*         0x00002fec        0x4 
 .text.Endpoint_Write_Control_Stream_LE
                0x00002ff0       0x8c build/obj/EndpointStream.o
                0x00002ff0                Endpoint_Write_Control_Stream_LE
 *fill*         0x0000307c        0x4 
 .text.USB_ResetInterface
                0x00003080       0x4c build/obj/USBController.o
                0x00003080                USB_ResetInterface
 *fill*         0x000030cc        0x4 
 .text.USB_Init
                0x000030d0       0x28 build/obj/USBController.o
                0x000030d0                USB_Init
 *fill*         0x000030f8        0x8 
 .text.USB_USBTask
                0x00003100       0x34 build/obj/USBTask.o
                0x00003100                USB_USBTask
 *fill*         0x00003134        0xc 
 .text.HAL_USBInit
                0x00003140       0x7c build/obj/HAL_LPC11Uxx.o
                0x00003140                HAL_USBInit
 *fill*         0x000031bc        0x4 
 .text.HAL_EnableUSBInterrupt
                0x000031c0       0x10 build/obj/HAL_LPC11Uxx.o
                0x000031c0                HAL_EnableUSBInterrupt
 .text.HAL_SetDeviceAddress
                0x000031d0       0x1c build/obj/HAL_LPC11Uxx.o
                0x000031d0                HAL_SetDeviceAddress
 *fill*         0x000031ec        0x4 
 .text.HAL_USBConnect
                0x000031f0       0x28 build/obj/HAL_LPC11Uxx.o
                0x000031f0                HAL_USBConnect
 *fill*         0x00003218        0x8 
 .text.HAL_Reset
                0x00003220       0x60 build/obj/Endpoint_LPC11Uxx.o
                0x00003220                HAL_Reset
 .text.Endpoint_ConfigureEndpointControl
                0x00003280       0x60 build/obj/Endpoint_LPC11Uxx.o
                0x00003280                Endpoint_ConfigureEndpointControl
 .text.Endpoint_ConfigureEndpoint
                0x000032e0       0x7c build/obj/Endpoint_LPC11Uxx.o
                0x000032e0                Endpoint_ConfigureEndpoint
 *fill*         0x0000335c        0x4 
 .text.DcdDataTransfer
                0x00003360       0x70 build/obj/Endpoint_LPC11Uxx.o
                0x00003360                DcdDataTransfer
 .text.Endpoint_GetSetupPackage
                0x000033d0       0x2c build/obj/Endpoint_LPC11Uxx.o
                0x000033d0                Endpoint_GetSetupPackage
 *fill*         0x000033fc        0x4 
 .text.USB_IRQHandler
                0x00003400      0x1b8 build/obj/Endpoint_LPC11Uxx.o
                0x00003400                USB_IRQHandler
 *fill*         0x000035b8        0x8 
 .text.CDC_Device_ConfigureEndpoints
                0x000035c0       0x94 build/obj/CDCClassDevice.o
                0x000035c0                CDC_Device_ConfigureEndpoints
 *fill*         0x00003654        0xc 
 .text.CDC_Device_SendData
                0x00003660       0x98 build/obj/CDCClassDevice.o
                0x00003660                CDC_Device_SendData
 *fill*         0x000036f8        0x8 
 .text.CDC_Device_BytesReceived
                0x00003700       0xdc build/obj/CDCClassDevice.o
                0x00003700                CDC_Device_BytesReceived
 *fill*         0x000037dc        0x4 
 .text.CDC_Device_ReceiveByte
                0x000037e0      0x158 build/obj/CDCClassDevice.o
                0x000037e0                CDC_Device_ReceiveByte
 *fill*         0x00003938        0x8 
 .text.CDC_Device_Event_Stub
                0x00003940        0x4 build/obj/CDCClassDevice.o
                0x00003940                EVENT_CDC_Device_LineEncodingChanged
                0x00003940                EVENT_CDC_Device_ControLineStateChanged
                0x00003940                CDC_Device_Event_Stub
 *fill*         0x00003944        0xc 
 .text.CDC_Device_Event_Stub2
                0x00003950        0x4 build/obj/CDCClassDevice.o
                0x00003950                EVENT_CDC_Device_BreakSent
                0x00003950                CDC_Device_Event_Stub2
 *fill*         0x00003954        0xc 
 .text.CDC_Device_ProcessControlRequest
                0x00003960      0x5a0 build/obj/CDCClassDevice.o
                0x00003960                CDC_Device_ProcessControlRequest
 .text.myPow    0x00003f00       0x9c build/obj/mymath.o
                0x00003f00                myPow
 *fill*         0x00003f9c        0x4 
 .text.init_kalman
                0x00003fa0        0xc build/obj/Kalman.o
                0x00003fa0                init_kalman
 *fill*         0x00003fac        0x4 
 .text.kalman   0x00003fb0       0x88 build/obj/Kalman.o
                0x00003fb0                kalman
 *fill*         0x00004038        0x8 
 .text.CALLBACK_USB_GetDescriptor
                0x00004040       0x64 build/obj/Descriptors.o
                0x00004040                CALLBACK_USB_GetDescriptor
 *fill*         0x000040a4        0xc 
 .text.HP03_pressureToAltitude
                0x000040b0       0x74 build/obj/HP03.o
                0x000040b0                HP03_pressureToAltitude
 *fill*         0x00004124        0xc 
 .text.HP03_pressureSeaLevelFromAltitude
                0x00004130       0x74 build/obj/HP03.o
                0x00004130                HP03_pressureSeaLevelFromAltitude
 *fill*         0x000041a4        0xc 
 .text.HP03_reset
                0x000041b0       0x14 build/obj/HP03.o
                0x000041b0                HP03_reset
 *fill*         0x000041c4        0xc 
 .text.HP03_readCoeffs
                0x000041d0       0x70 build/obj/HP03.o
                0x000041d0                HP03_readCoeffs
 .text.HP03_getPressure
                0x00004240      0x100 build/obj/HP03.o
                0x00004240                HP03_getPressure
 .text.HP03_getTemperature
                0x00004340      0x124 build/obj/HP03.o
                0x00004340                HP03_getTemperature
 *fill*         0x00004464        0xc 
 .text.itoa     0x00004470      0x144 build/obj/itoa.o
                0x00004470                itoa
 *fill*         0x000045b4        0xc 
 .text.LCD_writeLine
                0x000045c0      0x33c build/obj/LCD.o
 *fill*         0x000048fc        0x4 
 .text.LCD_clear
                0x00004900       0x64 build/obj/LCD.o
                0x00004900                LCD_clear
 *fill*         0x00004964        0xc 
 .text.LCD_init
                0x00004970       0x9c build/obj/LCD.o
                0x00004970                LCD_init
 *fill*         0x00004a0c        0x4 
 .text.LCD_writeTemp
                0x00004a10       0x50 build/obj/LCD.o
                0x00004a10                LCD_writeTemp
 .text.LCD_writePress
                0x00004a60       0x54 build/obj/LCD.o
                0x00004a60                LCD_writePress
 *fill*         0x00004ab4        0xc 
 .text.LCD_writeAlt
                0x00004ac0       0x40 build/obj/LCD.o
                0x00004ac0                LCD_writeAlt
 .text.LCD_writeTime
                0x00004b00       0x60 build/obj/LCD.o
                0x00004b00                LCD_writeTime
 .text.LCD_writeUSB
                0x00004b60       0x30 build/obj/LCD.o
                0x00004b60                LCD_writeUSB
 .text.LCD_writeUSB_delete
                0x00004b90       0x30 build/obj/LCD.o
                0x00004b90                LCD_writeUSB_delete
 .text.RTC_init
                0x00004bc0       0x40 build/obj/RTC_r2051.o
                0x00004bc0                RTC_init
 .text.RTC_getTime
                0x00004c00       0x78 build/obj/RTC_r2051.o
                0x00004c00                RTC_getTime
 *fill*         0x00004c78        0x8 
 .text.RTC_getDate
                0x00004c80       0x48 build/obj/RTC_r2051.o
                0x00004c80                RTC_getDate
 *fill*         0x00004cc8        0x8 
 .text.VS_setupHardware
                0x00004cd0       0x14 build/obj/VirtualSerial.o
                0x00004cd0                VS_setupHardware
 *fill*         0x00004ce4        0xc 
 .text.VS_echoCharacter
                0x00004cf0       0x2c build/obj/VirtualSerial.o
                0x00004cf0                VS_echoCharacter
 *fill*         0x00004d1c        0x4 
 .text.EVENT_USB_Device_ConfigurationChanged
                0x00004d20       0x10 build/obj/VirtualSerial.o
                0x00004d20                EVENT_USB_Device_ConfigurationChanged
 .text.EVENT_USB_Device_ControlRequest
                0x00004d30       0x10 build/obj/VirtualSerial.o
                0x00004d30                EVENT_USB_Device_ControlRequest
 .text.ee_write_log_rec
                0x00004d40        0x4 build/obj/eeprom.o
                0x00004d40                ee_write_log_rec
 *fill*         0x00004d44        0xc 
 .text.ee_get_first_free_pointer
                0x00004d50        0x4 build/obj/eeprom.o
                0x00004d50                ee_get_first_free_pointer
 *fill*         0x00004d54        0xc 
 .text.logger_init
                0x00004d60       0x28 build/obj/logger.o
                0x00004d60                logger_init
 *fill*         0x00004d88        0x8 
 .text.logger_logThis
                0x00004d90       0x60 build/obj/logger.o
                0x00004d90                logger_logThis
 .text.logger_writeToEE
                0x00004df0       0x4c build/obj/logger.o
                0x00004df0                logger_writeToEE
 *fill*         0x00004e3c        0x4 
 .text.pwm3pcb  0x00004e40       0x14 build/obj/main.o
 *fill*         0x00004e54        0xc 
 .text.pwm3c0cb
                0x00004e60       0x14 build/obj/main.o
 *fill*         0x00004e74        0xc 
 .text.Thread1  0x00004e80       0x40 build/obj/main.o
 .text.Thread5  0x00004ec0       0x24 build/obj/main.o
 *fill*         0x00004ee4        0xc 
 .text.Thread4  0x00004ef0       0x44 build/obj/main.o
 *fill*         0x00004f34        0xc 
 .text.Thread3  0x00004f40       0x5c build/obj/main.o
 *fill*         0x00004f9c        0x4 
 .text.Thread2  0x00004fa0       0xec build/obj/main.o
 *fill*         0x0000508c        0x4 
 .text.main     0x00005090      0x194 build/obj/main.o
                0x00005090                main
 *fill*         0x00005224        0xc 
 .text.memcpy   0x00005230       0x84 /usr/local/lpcxpresso_7.3.0_186/lpcxpresso/tools/bin/../lib/gcc/arm-none-eabi/4.8.4/../../../../arm-none-eabi/lib/armv6-m/libg.a(lib_a-memcpy-stub.o)
                0x00005230                memcpy
 *fill*         0x000052b4        0xc 
 .text.memset   0x000052c0       0x9c /usr/local/lpcxpresso_7.3.0_186/lpcxpresso/tools/bin/../lib/gcc/arm-none-eabi/4.8.4/../../../../arm-none-eabi/lib/armv6-m/libg.a(lib_a-memset.o)
                0x000052c0                memset
 *(.rodata)
 *fill*         0x0000535c        0x4 
 .rodata        0x00005360        0x8 build/obj/HP03.o
 *fill*         0x00005368        0x8 
 .rodata        0x00005370        0xc build/obj/LCD.o
 *fill*         0x0000537c        0x4 
 .rodata        0x00005380        0x4 build/obj/RTC_r2051.o
 *fill*         0x00005384        0xc 
 .rodata        0x00005390       0x40 /usr/local/lpcxpresso_7.3.0_186/lpcxpresso/tools/bin/../lib/gcc/arm-none-eabi/4.8.4/armv6-m/libgcc.a(divsf3.o)
 .rodata        0x000053d0       0x40 /usr/local/lpcxpresso_7.3.0_186/lpcxpresso/tools/bin/../lib/gcc/arm-none-eabi/4.8.4/armv6-m/libgcc.a(mulsf3.o)
 *(.rodata.*)
 .rodata.str1.4
                0x00005410        0x5 build/obj/chsys.o
                                  0x8 (size before relaxing)
 *fill*         0x00005415        0xb 
 .rodata.ch_debug
                0x00005420       0x18 build/obj/chregistry.o
                0x00005420                ch_debug
 *fill*         0x00005438        0x8 
 .rodata.vmt    0x00005440       0x20 build/obj/serial.o
 .rodata.Vector94
                0x00005460       0x34 build/obj/serial_lld.o
 *fill*         0x00005494        0xc 
 .rodata.Vector7C
                0x000054a0      0x164 build/obj/i2c_lld.o
 *fill*         0x00005604        0xc 
 .rodata.pal_default_config
                0x00005610       0x10 build/obj/board.o
                0x00005610                pal_default_config
 .rodata.USB_Device_ProcessControlRequest
                0x00005620       0x28 build/obj/DeviceStandardReq.o
 *fill*         0x00005648        0x8 
 .rodata.digits.4082
                0x00005650       0x14 build/obj/itoa.o
 *fill*         0x00005664        0xc 
 .rodata.fonts1line
                0x00005670      0x300 build/obj/LCD.o
 .rodata.fonts2line
                0x00005970      0x21c build/obj/LCD.o
 *fill*         0x00005b8c        0x4 
 .rodata.str1.4
                0x00005b90       0x1a build/obj/LCD.o
                                 0x1c (size before relaxing)
 *fill*         0x00005baa        0x6 
 .rodata.str1.4
                0x00005bb0       0x38 build/obj/main.o
 *(.glue_7t)
 .glue_7t       0x00000000        0x0 linker stubs
 *(.glue_7)
 .glue_7        0x00000000        0x0 linker stubs
 *(.gcc*)

.vfp11_veneer   0x00005be8        0x0
 .vfp11_veneer  0x00000000        0x0 linker stubs

.v4_bx          0x00005be8        0x0
 .v4_bx         0x00000000        0x0 linker stubs

.iplt           0x00005be8        0x0
 .iplt          0x00000000        0x0 build/obj/crt0.o

.rel.dyn        0x00005be8        0x0
 .rel.iplt      0x00000000        0x0 build/obj/crt0.o

.ARM.extab
 *(.ARM.extab* .gnu.linkonce.armextab.*)

.ARM.exidx      0x00005be8        0x0
                0x00005be8                PROVIDE (__exidx_start, .)
 *(.ARM.exidx* .gnu.linkonce.armexidx.*)
                0x00005be8                PROVIDE (__exidx_end, .)

.eh_frame_hdr
 *(.eh_frame_hdr)

.eh_frame
 *(.eh_frame)

.textalign      0x00005be8        0x0
                0x00005be8                . = ALIGN (0x8)
                0x00005be8                . = ALIGN (0x4)
                0x00005be8                _etext = .
                0x00005be8                _textdata = _etext

.stacks         0x10000000      0x300
                0x10000000                . = ALIGN (0x8)
                0x10000000                __main_stack_base__ = .
                0x10000100                . = (. + __main_stack_size__)
 *fill*         0x10000000      0x100 
                0x10000100                . = ALIGN (0x8)
                0x10000100                __main_stack_end__ = .
                0x10000100                __process_stack_base__ = .
                0x10000100                __main_thread_stack_base__ = .
                0x10000300                . = (. + __process_stack_size__)
 *fill*         0x10000100      0x200 
                0x10000300                . = ALIGN (0x8)
                0x10000300                __process_stack_end__ = .
                0x10000300                __main_thread_stack_end__ = .

.data           0x10000300       0xec load address 0x00005be8
                0x10000300                . = ALIGN (0x4)
                0x10000300                PROVIDE (_data, .)
 *(.data)
                0x10000300                . = ALIGN (0x4)
 *(.data.[a-z]*)
 .data.pwmcfg   0x10000300       0x1c build/obj/main.o
 .data.spicfg   0x1000031c       0x10 build/obj/main.o
 .data.i2ccfg   0x1000032c        0x8 build/obj/main.o
                0x10000334                . = ALIGN (0x4)
 *(.data.[A-Z]*)
 .data.Q        0x10000334        0x4 build/obj/Kalman.o
 .data.R        0x10000338        0x4 build/obj/Kalman.o
 .data.DeviceDescriptor
                0x1000033c       0x14 build/obj/Descriptors.o
                0x1000033c                DeviceDescriptor
 .data.ProductString
                0x10000350       0x28 build/obj/Descriptors.o
                0x10000350                ProductString
 .data.ProductStringPtr
                0x10000378        0x4 build/obj/Descriptors.o
                0x10000378                ProductStringPtr
 .data.LanguageString
                0x1000037c        0x4 build/obj/Descriptors.o
                0x1000037c                LanguageString
 .data.ManufacturerString
                0x10000380        0x8 build/obj/Descriptors.o
                0x10000380                ManufacturerString
 .data.LanguageStringPtr
                0x10000388        0x4 build/obj/Descriptors.o
                0x10000388                LanguageStringPtr
 .data.ConfigurationDescriptor
                0x1000038c       0x40 build/obj/Descriptors.o
                0x1000038c                ConfigurationDescriptor
 .data.ManufacturerStringPtr
                0x100003cc        0x4 build/obj/Descriptors.o
                0x100003cc                ManufacturerStringPtr
 .data.VirtualSerial_CDC_Interface
                0x100003d0       0x1c build/obj/VirtualSerial.o
                0x100003d0                VirtualSerial_CDC_Interface
                0x100003ec                . = ALIGN (0x4)
 *(.data.[0-9]*)
                0x100003ec                . = ALIGN (0x4)
 *(.data.[_]*)
                0x100003ec                . = ALIGN (0x4)
 *(.ramtext)
                0x100003ec                . = ALIGN (0x4)
                0x100003ec                PROVIDE (_edata, .)

.igot.plt       0x100003ec        0x0 load address 0x00005cd4
 .igot.plt      0x00000000        0x0 build/obj/crt0.o

.bss            0x100003f0      0xa00 load address 0x00005cd4
                0x100003f0                . = ALIGN (0x4)
                0x100003f0                PROVIDE (_bss_start, .)
 *(.bss)
                0x100003f0                . = ALIGN (0x4)
 *(.bss.[a-z]*)
 .bss.mainthread.4795
                0x100003f0       0x48 build/obj/chsys.o
 .bss.vtlist    0x10000438       0x10 build/obj/chvt.o
                0x10000438                vtlist
 .bss.rlist     0x10000448       0x1c build/obj/chschd.o
                0x10000448                rlist
 .bss.endmem    0x10000464        0x4 build/obj/chmemcore.o
 .bss.nextmem   0x10000468        0x4 build/obj/chmemcore.o
 *fill*         0x1000046c        0x4 
 .bss.default_heap
                0x10000470       0x20 build/obj/chheap.o
 .bss.usb_data_buffer_size
                0x10000490        0x4 build/obj/Endpoint.o
                0x10000490                usb_data_buffer_size
 .bss.endpointhandle0
                0x10000494        0x8 build/obj/Endpoint.o
                0x10000494                endpointhandle0
 .bss.endpointhandle1
                0x1000049c        0x8 build/obj/Endpoint.o
                0x1000049c                endpointhandle1
 .bss.usb_data_buffer_index
                0x100004a4        0x4 build/obj/Endpoint.o
                0x100004a4                usb_data_buffer_index
 .bss.usb_data_buffer_OUT_index
                0x100004a8        0x4 build/obj/Endpoint.o
                0x100004a8                usb_data_buffer_OUT_index
 .bss.usb_data_buffer_OUT_size
                0x100004ac        0x4 build/obj/Endpoint.o
                0x100004ac                usb_data_buffer_OUT_size
 .bss.endpointselected
                0x100004b0        0x4 build/obj/Endpoint.o
                0x100004b0                endpointselected
 .bss.usb_data_buffer_IN_index
                0x100004b4        0x4 build/obj/Endpoint.o
                0x100004b4                usb_data_buffer_IN_index
 .bss.shortpacket
                0x100004b8        0x1 build/obj/Endpoint_LPC11Uxx.o
                0x100004b8                shortpacket
 *fill*         0x100004b9        0x1 
 .bss.stream_total_packets
                0x100004ba        0x2 build/obj/Endpoint_LPC11Uxx.o
                0x100004ba                stream_total_packets
 .bss.epout_primed
                0x100004bc        0x1 build/obj/Endpoint_LPC11Uxx.o
                0x100004bc                epout_primed
 *fill*         0x100004bd        0x3 
 .bss.x_est_last
                0x100004c0        0x4 build/obj/Kalman.o
 .bss.isUSBWritten
                0x100004c4        0x1 build/obj/LCD.o
 *fill*         0x100004c5        0x3 
 .bss.log_buffer
                0x100004c8       0x3c build/obj/logger.o
 .bss.first_free
                0x10000504        0x4 build/obj/logger.o
 .bss.waThread1
                0x10000508      0x100 build/obj/main.o
 .bss.waThread2
                0x10000608      0x1a0 build/obj/main.o
 .bss.waThread3
                0x100007a8      0x168 build/obj/main.o
 .bss.waThread4
                0x10000910      0x188 build/obj/main.o
 .bss.waThread5
                0x10000a98      0x110 build/obj/main.o
 .bss.actualTime
                0x10000ba8        0x4 build/obj/main.o
 .bss.calculatedSeaLevelPressure
                0x10000bac        0x4 build/obj/main.o
 .bss.actualDate
                0x10000bb0        0x8 build/obj/main.o
                0x10000bb8                . = ALIGN (0x4)
 *(.bss.[A-Z]*)
 .bss.SPID1     0x10000bb8       0x30 build/obj/spi_lld.o
                0x10000bb8                SPID1
 .bss.SD1       0x10000be8       0x78 build/obj/serial_lld.o
                0x10000be8                SD1
 .bss.I2CD1     0x10000c60       0x38 build/obj/i2c_lld.o
                0x10000c60                I2CD1
 .bss.PWMD3     0x10000c98       0x14 build/obj/pwm_lld.o
                0x10000c98                PWMD3
 .bss.USB_Device_CurrentlySelfPowered
                0x10000cac        0x1 build/obj/DeviceStandardReq.o
                0x10000cac                USB_Device_CurrentlySelfPowered
 .bss.USB_Device_ConfigurationNumber
                0x10000cad        0x1 build/obj/DeviceStandardReq.o
                0x10000cad                USB_Device_ConfigurationNumber
 .bss.USB_Device_RemoteWakeupEnabled
                0x10000cae        0x1 build/obj/DeviceStandardReq.o
                0x10000cae                USB_Device_RemoteWakeupEnabled
 *fill*         0x10000caf        0x1 
 .bss.USB_CurrentMode
                0x10000cb0        0x4 build/obj/USBController.o
                0x10000cb0                USB_CurrentMode
 .bss.USB_DeviceState
                0x10000cb4        0x4 build/obj/USBTask.o
                0x10000cb4                USB_DeviceState
 .bss.USB_IsInitialized
                0x10000cb8        0x1 build/obj/USBTask.o
                0x10000cb8                USB_IsInitialized
 *fill*         0x10000cb9        0x3 
 .bss.Remain_length
                0x10000cbc       0x14 build/obj/Endpoint_LPC11Uxx.o
                0x10000cbc                Remain_length
 .bss.EndpointMaxPacketSize
                0x10000cd0       0x28 build/obj/Endpoint_LPC11Uxx.o
                0x10000cd0                EndpointMaxPacketSize
 .bss.P_last    0x10000cf8        0x4 build/obj/Kalman.o
 .bss.HP03_coeff
                0x10000cfc       0x14 build/obj/HP03.o
                0x10000d10                . = ALIGN (0x4)
 *(.bss.[0-9]*)
                0x10000d10                . = ALIGN (0x4)
 *(.bss.[_]*)
 .bss._idle_thread_wa
                0x10000d10       0xe0 build/obj/chsys.o
                0x10000d10                _idle_thread_wa
                0x10000df0                . = ALIGN (0x4)
 *(COMMON)
                0x10000df0                . = ALIGN (0x4)
                0x10000df0                PROVIDE (_bss_end, .)
                0x10000df0                PROVIDE (end, .)
                0x10000df0                _end = .

.data.RAM2      0x20004000        0x0 load address 0x00005cd4
 *(.data.$RAM2)
                0x20004000                . = ALIGN (0x4)
 *(.data.$RAM2*)
                0x20004000                . = ALIGN (0x4)

.bss.RAM2       0x20004000      0x800 load address 0x00005cd4
 *(.bss.$RAM2)
 .bss.$RAM2     0x20004000      0x600 build/obj/Endpoint.o
                0x20004000                usb_data_buffer
                0x20004200                usb_data_buffer_IN
                0x20004400                usb_data_buffer_OUT
 .bss.$RAM2     0x20004600        0x8 build/obj/USBTask.o
                0x20004600                USB_ControlRequest
 *fill*         0x20004608       0xf8 
 .bss.$RAM2     0x20004700      0x100 build/obj/Endpoint_LPC11Uxx.o
                0x20004700                EndPointCmdStsList
                0x20004800                . = ALIGN (0x4)
 *(.bss.$RAM2*)
                0x20004800                . = ALIGN (0x4)

.noinit.RAM2    0x20004800        0x0 load address 0x00005cd4
 *(.noinit.$RAM2*)
                0x20004800                . = ALIGN (0x4)
                0x10000df0                __heap_base__ = _end
                0x10001000                __heap_end__ = __ram_end__
START GROUP
LOAD /usr/local/lpcxpresso_7.3.0_186/lpcxpresso/tools/bin/../lib/gcc/arm-none-eabi/4.8.4/armv6-m/libgcc.a
LOAD /usr/local/lpcxpresso_7.3.0_186/lpcxpresso/tools/bin/../lib/gcc/arm-none-eabi/4.8.4/../../../../arm-none-eabi/lib/armv6-m/libg.a
LOAD /usr/local/lpcxpresso_7.3.0_186/lpcxpresso/tools/bin/../lib/gcc/arm-none-eabi/4.8.4/../../../../arm-none-eabi/lib/armv6-m/libc.a
END GROUP
OUTPUT(build/Altimeter.elf elf32-littlearm)

.debug_info     0x00000000    0x199e7
 .debug_info    0x00000000      0x2c3 build/obj/crt0.o
 .debug_info    0x000002c3      0x1cc build/obj/vectors.o
 .debug_info    0x0000048f       0x92 build/obj/chcore.o
 .debug_info    0x00000521      0x709 build/obj/chcore_v6m.o
 .debug_info    0x00000c2a      0x406 build/obj/nvic.o
 .debug_info    0x00001030      0x976 build/obj/chsys.o
 .debug_info    0x000019a6      0x203 build/obj/chvt.o
 .debug_info    0x00001ba9      0x8b5 build/obj/chschd.o
 .debug_info    0x0000245e      0x999 build/obj/chthreads.o
 .debug_info    0x00002df7      0x5ad build/obj/chregistry.o
 .debug_info    0x000033a4      0x8e9 build/obj/chmtx.o
 .debug_info    0x00003c8d      0x9fc build/obj/chevents.o
 .debug_info    0x00004689      0xa77 build/obj/chqueues.o
 .debug_info    0x00005100      0x1a9 build/obj/chmemcore.o
 .debug_info    0x000052a9      0x6e1 build/obj/chheap.o
 .debug_info    0x0000598a      0x197 build/obj/hal.o
 .debug_info    0x00005b21      0x9af build/obj/i2c.o
 .debug_info    0x000064d0      0x57f build/obj/pwm.o
 .debug_info    0x00006a4f      0xfbd build/obj/serial.o
 .debug_info    0x00007a0c      0xc1e build/obj/spi.o
 .debug_info    0x0000862a      0x6b5 build/obj/hal_lld.o
 .debug_info    0x00008cdf      0x3cb build/obj/pal_lld.o
 .debug_info    0x000090aa     0x1196 build/obj/spi_lld.o
 .debug_info    0x0000a240     0x12bb build/obj/serial_lld.o
 .debug_info    0x0000b4fb     0x1434 build/obj/i2c_lld.o
 .debug_info    0x0000c92f      0xdee build/obj/pwm_lld.o
 .debug_info    0x0000d71d      0x438 build/obj/board.o
 .debug_info    0x0000db55      0xdf7 build/obj/DeviceStandardReq.o
 .debug_info    0x0000e94c      0x52d build/obj/Endpoint.o
 .debug_info    0x0000ee79      0x9ad build/obj/EndpointStream.o
 .debug_info    0x0000f826      0x51c build/obj/USBController.o
 .debug_info    0x0000fd42      0x591 build/obj/USBTask.o
 .debug_info    0x000102d3      0xef2 build/obj/HAL_LPC11Uxx.o
 .debug_info    0x000111c5      0xc3a build/obj/Endpoint_LPC11Uxx.o
 .debug_info    0x00011dff     0x15fd build/obj/CDCClassDevice.o
 .debug_info    0x000133fc      0x1bd build/obj/mymath.o
 .debug_info    0x000135b9       0xf8 build/obj/Kalman.o
 .debug_info    0x000136b1      0x879 build/obj/Descriptors.o
 .debug_info    0x00013f2a      0xf41 build/obj/HP03.o
 .debug_info    0x00014e6b      0x1b6 build/obj/itoa.o
 .debug_info    0x00015021     0x1511 build/obj/LCD.o
 .debug_info    0x00016532      0xaea build/obj/RTC_r2051.o
 .debug_info    0x0001701c      0x587 build/obj/VirtualSerial.o
 .debug_info    0x000175a3      0x19e build/obj/eeprom.o
 .debug_info    0x00017741      0x5f6 build/obj/logger.o
 .debug_info    0x00017d37     0x1cb0 build/obj/main.o

.debug_abbrev   0x00000000     0x5943
 .debug_abbrev  0x00000000       0xf4 build/obj/crt0.o
 .debug_abbrev  0x000000f4       0xaf build/obj/vectors.o
 .debug_abbrev  0x000001a3       0x42 build/obj/chcore.o
 .debug_abbrev  0x000001e5      0x176 build/obj/chcore_v6m.o
 .debug_abbrev  0x0000035b      0x10e build/obj/nvic.o
 .debug_abbrev  0x00000469      0x1dd build/obj/chsys.o
 .debug_abbrev  0x00000646      0x108 build/obj/chvt.o
 .debug_abbrev  0x0000074e      0x288 build/obj/chschd.o
 .debug_abbrev  0x000009d6      0x2a0 build/obj/chthreads.o
 .debug_abbrev  0x00000c76      0x149 build/obj/chregistry.o
 .debug_abbrev  0x00000dbf      0x284 build/obj/chmtx.o
 .debug_abbrev  0x00001043      0x250 build/obj/chevents.o
 .debug_abbrev  0x00001293      0x2e6 build/obj/chqueues.o
 .debug_abbrev  0x00001579      0x109 build/obj/chmemcore.o
 .debug_abbrev  0x00001682      0x1b6 build/obj/chheap.o
 .debug_abbrev  0x00001838       0xe4 build/obj/hal.o
 .debug_abbrev  0x0000191c      0x1e2 build/obj/i2c.o
 .debug_abbrev  0x00001afe      0x1a4 build/obj/pwm.o
 .debug_abbrev  0x00001ca2      0x236 build/obj/serial.o
 .debug_abbrev  0x00001ed8      0x206 build/obj/spi.o
 .debug_abbrev  0x000020de      0x12a build/obj/hal_lld.o
 .debug_abbrev  0x00002208      0x187 build/obj/pal_lld.o
 .debug_abbrev  0x0000238f      0x371 build/obj/spi_lld.o
 .debug_abbrev  0x00002700      0x30e build/obj/serial_lld.o
 .debug_abbrev  0x00002a0e      0x2ff build/obj/i2c_lld.o
 .debug_abbrev  0x00002d0d      0x2a8 build/obj/pwm_lld.o
 .debug_abbrev  0x00002fb5       0xf8 build/obj/board.o
 .debug_abbrev  0x000030ad      0x309 build/obj/DeviceStandardReq.o
 .debug_abbrev  0x000033b6      0x24b build/obj/Endpoint.o
 .debug_abbrev  0x00003601      0x25d build/obj/EndpointStream.o
 .debug_abbrev  0x0000385e      0x1a2 build/obj/USBController.o
 .debug_abbrev  0x00003a00      0x1fc build/obj/USBTask.o
 .debug_abbrev  0x00003bfc      0x259 build/obj/HAL_LPC11Uxx.o
 .debug_abbrev  0x00003e55      0x2fa build/obj/Endpoint_LPC11Uxx.o
 .debug_abbrev  0x0000414f      0x3c7 build/obj/CDCClassDevice.o
 .debug_abbrev  0x00004516       0xfb build/obj/mymath.o
 .debug_abbrev  0x00004611       0xc8 build/obj/Kalman.o
 .debug_abbrev  0x000046d9      0x175 build/obj/Descriptors.o
 .debug_abbrev  0x0000484e      0x2fb build/obj/HP03.o
 .debug_abbrev  0x00004b49      0x106 build/obj/itoa.o
 .debug_abbrev  0x00004c4f      0x356 build/obj/LCD.o
 .debug_abbrev  0x00004fa5      0x209 build/obj/RTC_r2051.o
 .debug_abbrev  0x000051ae      0x1b3 build/obj/VirtualSerial.o
 .debug_abbrev  0x00005361       0xd0 build/obj/eeprom.o
 .debug_abbrev  0x00005431      0x19c build/obj/logger.o
 .debug_abbrev  0x000055cd      0x376 build/obj/main.o

.debug_loc      0x00000000     0x7474
 .debug_loc     0x00000000       0xff build/obj/crt0.o
 .debug_loc     0x000000ff       0x96 build/obj/chcore_v6m.o
 .debug_loc     0x00000195      0x16a build/obj/nvic.o
 .debug_loc     0x000002ff       0x3c build/obj/chsys.o
 .debug_loc     0x0000033b       0x84 build/obj/chvt.o
 .debug_loc     0x000003bf      0x250 build/obj/chschd.o
 .debug_loc     0x0000060f      0x325 build/obj/chthreads.o
 .debug_loc     0x00000934       0x3f build/obj/chregistry.o
 .debug_loc     0x00000973      0x36f build/obj/chmtx.o
 .debug_loc     0x00000ce2      0x543 build/obj/chevents.o
 .debug_loc     0x00001225      0x6fd build/obj/chqueues.o
 .debug_loc     0x00001922       0x83 build/obj/chmemcore.o
 .debug_loc     0x000019a5      0x304 build/obj/chheap.o
 .debug_loc     0x00001ca9      0x235 build/obj/i2c.o
 .debug_loc     0x00001ede      0x11e build/obj/pwm.o
 .debug_loc     0x00001ffc      0x4dd build/obj/serial.o
 .debug_loc     0x000024d9      0x47c build/obj/spi.o
 .debug_loc     0x00002955       0x44 build/obj/hal_lld.o
 .debug_loc     0x00002999       0x95 build/obj/pal_lld.o
 .debug_loc     0x00002a2e      0x316 build/obj/spi_lld.o
 .debug_loc     0x00002d44      0x21a build/obj/serial_lld.o
 .debug_loc     0x00002f5e      0x3b7 build/obj/i2c_lld.o
 .debug_loc     0x00003315       0xcb build/obj/pwm_lld.o
 .debug_loc     0x000033e0      0x4c7 build/obj/DeviceStandardReq.o
 .debug_loc     0x000038a7      0x13d build/obj/Endpoint.o
 .debug_loc     0x000039e4      0x6ee build/obj/EndpointStream.o
 .debug_loc     0x000040d2       0xe4 build/obj/USBController.o
 .debug_loc     0x000041b6       0xf4 build/obj/USBTask.o
 .debug_loc     0x000042aa      0x10c build/obj/HAL_LPC11Uxx.o
 .debug_loc     0x000043b6      0x792 build/obj/Endpoint_LPC11Uxx.o
 .debug_loc     0x00004b48     0x1411 build/obj/CDCClassDevice.o
 .debug_loc     0x00005f59      0x1b8 build/obj/mymath.o
 .debug_loc     0x00006111       0x91 build/obj/Kalman.o
 .debug_loc     0x000061a2      0x1d4 build/obj/Descriptors.o
 .debug_loc     0x00006376      0x2e9 build/obj/HP03.o
 .debug_loc     0x0000665f      0x398 build/obj/itoa.o
 .debug_loc     0x000069f7      0x72b build/obj/LCD.o
 .debug_loc     0x00007122      0x115 build/obj/RTC_r2051.o
 .debug_loc     0x00007237       0x14 build/obj/VirtualSerial.o
 .debug_loc     0x0000724b       0x42 build/obj/eeprom.o
 .debug_loc     0x0000728d       0x94 build/obj/logger.o
 .debug_loc     0x00007321      0x153 build/obj/main.o

.debug_aranges  0x00000000      0xc88
 .debug_aranges
                0x00000000       0x38 build/obj/crt0.o
 .debug_aranges
                0x00000038       0x20 build/obj/vectors.o
 .debug_aranges
                0x00000058       0x20 build/obj/chcore.o
 .debug_aranges
                0x00000078       0x48 build/obj/chcore_v6m.o
 .debug_aranges
                0x000000c0       0x30 build/obj/nvic.o
 .debug_aranges
                0x000000f0       0x30 build/obj/chsys.o
 .debug_aranges
                0x00000120       0x30 build/obj/chvt.o
 .debug_aranges
                0x00000150       0x68 build/obj/chschd.o
 .debug_aranges
                0x000001b8       0x78 build/obj/chthreads.o
 .debug_aranges
                0x00000230       0x28 build/obj/chregistry.o
 .debug_aranges
                0x00000258       0x58 build/obj/chmtx.o
 .debug_aranges
                0x000002b0       0xa0 build/obj/chevents.o
 .debug_aranges
                0x00000350       0x70 build/obj/chqueues.o
 .debug_aranges
                0x000003c0       0x38 build/obj/chmemcore.o
 .debug_aranges
                0x000003f8       0x40 build/obj/chheap.o
 .debug_aranges
                0x00000438       0x20 build/obj/hal.o
 .debug_aranges
                0x00000458       0x60 build/obj/i2c.o
 .debug_aranges
                0x000004b8       0x50 build/obj/pwm.o
 .debug_aranges
                0x00000508       0x88 build/obj/serial.o
 .debug_aranges
                0x00000590       0x98 build/obj/spi.o
 .debug_aranges
                0x00000628       0x28 build/obj/hal_lld.o
 .debug_aranges
                0x00000650       0x28 build/obj/pal_lld.o
 .debug_aranges
                0x00000678       0x78 build/obj/spi_lld.o
 .debug_aranges
                0x000006f0       0x40 build/obj/serial_lld.o
 .debug_aranges
                0x00000730       0x58 build/obj/i2c_lld.o
 .debug_aranges
                0x00000788       0x48 build/obj/pwm_lld.o
 .debug_aranges
                0x000007d0       0x28 build/obj/board.o
 .debug_aranges
                0x000007f8       0x20 build/obj/DeviceStandardReq.o
 .debug_aranges
                0x00000818       0x38 build/obj/Endpoint.o
 .debug_aranges
                0x00000850       0x68 build/obj/EndpointStream.o
 .debug_aranges
                0x000008b8       0x30 build/obj/USBController.o
 .debug_aranges
                0x000008e8       0x20 build/obj/USBTask.o
 .debug_aranges
                0x00000908       0x48 build/obj/HAL_LPC11Uxx.o
 .debug_aranges
                0x00000950       0x50 build/obj/Endpoint_LPC11Uxx.o
 .debug_aranges
                0x000009a0       0x78 build/obj/CDCClassDevice.o
 .debug_aranges
                0x00000a18       0x20 build/obj/mymath.o
 .debug_aranges
                0x00000a38       0x28 build/obj/Kalman.o
 .debug_aranges
                0x00000a60       0x20 build/obj/Descriptors.o
 .debug_aranges
                0x00000a80       0x48 build/obj/HP03.o
 .debug_aranges
                0x00000ac8       0x20 build/obj/itoa.o
 .debug_aranges
                0x00000ae8       0x70 build/obj/LCD.o
 .debug_aranges
                0x00000b58       0x40 build/obj/RTC_r2051.o
 .debug_aranges
                0x00000b98       0x38 build/obj/VirtualSerial.o
 .debug_aranges
                0x00000bd0       0x30 build/obj/eeprom.o
 .debug_aranges
                0x00000c00       0x30 build/obj/logger.o
 .debug_aranges
                0x00000c30       0x58 build/obj/main.o

.debug_ranges   0x00000000      0xf58
 .debug_ranges  0x00000000       0x28 build/obj/crt0.o
 .debug_ranges  0x00000028       0x10 build/obj/vectors.o
 .debug_ranges  0x00000038       0x10 build/obj/chcore.o
 .debug_ranges  0x00000048       0x38 build/obj/chcore_v6m.o
 .debug_ranges  0x00000080       0x20 build/obj/nvic.o
 .debug_ranges  0x000000a0       0x20 build/obj/chsys.o
 .debug_ranges  0x000000c0       0x20 build/obj/chvt.o
 .debug_ranges  0x000000e0       0x58 build/obj/chschd.o
 .debug_ranges  0x00000138       0x68 build/obj/chthreads.o
 .debug_ranges  0x000001a0       0x18 build/obj/chregistry.o
 .debug_ranges  0x000001b8       0x48 build/obj/chmtx.o
 .debug_ranges  0x00000200       0x90 build/obj/chevents.o
 .debug_ranges  0x00000290       0x60 build/obj/chqueues.o
 .debug_ranges  0x000002f0       0x28 build/obj/chmemcore.o
 .debug_ranges  0x00000318       0x30 build/obj/chheap.o
 .debug_ranges  0x00000348       0x10 build/obj/hal.o
 .debug_ranges  0x00000358       0x50 build/obj/i2c.o
 .debug_ranges  0x000003a8       0x40 build/obj/pwm.o
 .debug_ranges  0x000003e8       0x78 build/obj/serial.o
 .debug_ranges  0x00000460       0x88 build/obj/spi.o
 .debug_ranges  0x000004e8       0x18 build/obj/hal_lld.o
 .debug_ranges  0x00000500       0x18 build/obj/pal_lld.o
 .debug_ranges  0x00000518       0x98 build/obj/spi_lld.o
 .debug_ranges  0x000005b0       0x60 build/obj/serial_lld.o
 .debug_ranges  0x00000610       0x48 build/obj/i2c_lld.o
 .debug_ranges  0x00000658       0x38 build/obj/pwm_lld.o
 .debug_ranges  0x00000690       0x18 build/obj/board.o
 .debug_ranges  0x000006a8       0x88 build/obj/DeviceStandardReq.o
 .debug_ranges  0x00000730       0x28 build/obj/Endpoint.o
 .debug_ranges  0x00000758      0x148 build/obj/EndpointStream.o
 .debug_ranges  0x000008a0       0x20 build/obj/USBController.o
 .debug_ranges  0x000008c0       0x10 build/obj/USBTask.o
 .debug_ranges  0x000008d0       0x38 build/obj/HAL_LPC11Uxx.o
 .debug_ranges  0x00000908      0x240 build/obj/Endpoint_LPC11Uxx.o
 .debug_ranges  0x00000b48      0x200 build/obj/CDCClassDevice.o
 .debug_ranges  0x00000d48       0x10 build/obj/mymath.o
 .debug_ranges  0x00000d58       0x18 build/obj/Kalman.o
 .debug_ranges  0x00000d70       0x10 build/obj/Descriptors.o
 .debug_ranges  0x00000d80       0x38 build/obj/HP03.o
 .debug_ranges  0x00000db8       0x10 build/obj/itoa.o
 .debug_ranges  0x00000dc8       0xb0 build/obj/LCD.o
 .debug_ranges  0x00000e78       0x30 build/obj/RTC_r2051.o
 .debug_ranges  0x00000ea8       0x28 build/obj/VirtualSerial.o
 .debug_ranges  0x00000ed0       0x20 build/obj/eeprom.o
 .debug_ranges  0x00000ef0       0x20 build/obj/logger.o
 .debug_ranges  0x00000f10       0x48 build/obj/main.o

.debug_line     0x00000000     0x7b1e
 .debug_line    0x00000000      0x179 build/obj/crt0.o
 .debug_line    0x00000179      0x11a build/obj/vectors.o
 .debug_line    0x00000293       0x5b build/obj/chcore.o
 .debug_line    0x000002ee      0x231 build/obj/chcore_v6m.o
 .debug_line    0x0000051f      0x157 build/obj/nvic.o
 .debug_line    0x00000676      0x290 build/obj/chsys.o
 .debug_line    0x00000906      0x198 build/obj/chvt.o
 .debug_line    0x00000a9e      0x2d6 build/obj/chschd.o
 .debug_line    0x00000d74      0x349 build/obj/chthreads.o
 .debug_line    0x000010bd      0x23e build/obj/chregistry.o
 .debug_line    0x000012fb      0x2ff build/obj/chmtx.o
 .debug_line    0x000015fa      0x348 build/obj/chevents.o
 .debug_line    0x00001942      0x396 build/obj/chqueues.o
 .debug_line    0x00001cd8      0x1ae build/obj/chmemcore.o
 .debug_line    0x00001e86      0x2b9 build/obj/chheap.o
 .debug_line    0x0000213f      0x1d0 build/obj/hal.o
 .debug_line    0x0000230f      0x31c build/obj/i2c.o
 .debug_line    0x0000262b      0x203 build/obj/pwm.o
 .debug_line    0x0000282e      0x39b build/obj/serial.o
 .debug_line    0x00002bc9      0x3b9 build/obj/spi.o
 .debug_line    0x00002f82      0x1a9 build/obj/hal_lld.o
 .debug_line    0x0000312b      0x165 build/obj/pal_lld.o
 .debug_line    0x00003290      0x3b7 build/obj/spi_lld.o
 .debug_line    0x00003647      0x347 build/obj/serial_lld.o
 .debug_line    0x0000398e      0x3d4 build/obj/i2c_lld.o
 .debug_line    0x00003d62      0x246 build/obj/pwm_lld.o
 .debug_line    0x00003fa8      0x1a2 build/obj/board.o
 .debug_line    0x0000414a      0x414 build/obj/DeviceStandardReq.o
 .debug_line    0x0000455e      0x22b build/obj/Endpoint.o
 .debug_line    0x00004789      0x48c build/obj/EndpointStream.o
 .debug_line    0x00004c15      0x2a0 build/obj/USBController.o
 .debug_line    0x00004eb5      0x271 build/obj/USBTask.o
 .debug_line    0x00005126      0x2ef build/obj/HAL_LPC11Uxx.o
 .debug_line    0x00005415      0x515 build/obj/Endpoint_LPC11Uxx.o
 .debug_line    0x0000592a      0x835 build/obj/CDCClassDevice.o
 .debug_line    0x0000615f       0x55 build/obj/mymath.o
 .debug_line    0x000061b4       0x54 build/obj/Kalman.o
 .debug_line    0x00006208      0x273 build/obj/Descriptors.o
 .debug_line    0x0000647b      0x34b build/obj/HP03.o
 .debug_line    0x000067c6       0x9c build/obj/itoa.o
 .debug_line    0x00006862      0x475 build/obj/LCD.o
 .debug_line    0x00006cd7      0x2dc build/obj/RTC_r2051.o
 .debug_line    0x00006fb3      0x2b5 build/obj/VirtualSerial.o
 .debug_line    0x00007268      0x125 build/obj/eeprom.o
 .debug_line    0x0000738d      0x1d7 build/obj/logger.o
 .debug_line    0x00007564      0x5ba build/obj/main.o

.debug_str      0x00000000     0x47fa
 .debug_str     0x00000000      0x283 build/obj/crt0.o
                                0x2c8 (size before relaxing)
 .debug_str     0x00000283      0x14b build/obj/vectors.o
                                0x2e7 (size before relaxing)
 .debug_str     0x000003ce       0x35 build/obj/chcore.o
                                0x1b1 (size before relaxing)
 .debug_str     0x00000403      0x2d3 build/obj/chcore_v6m.o
                                0x484 (size before relaxing)
 .debug_str     0x000006d6       0xb6 build/obj/nvic.o
                                0x2ae (size before relaxing)
 .debug_str     0x0000078c      0x211 build/obj/chsys.o
                                0x608 (size before relaxing)
 .debug_str     0x0000099d       0x3e build/obj/chvt.o
                                0x23c (size before relaxing)
 .debug_str     0x000009db       0xdd build/obj/chschd.o
                                0x4b2 (size before relaxing)
 .debug_str     0x00000ab8       0xdb build/obj/chthreads.o
                                0x51d (size before relaxing)
 .debug_str     0x00000b93       0x4a build/obj/chregistry.o
                                0x4ab (size before relaxing)
 .debug_str     0x00000bdd       0x99 build/obj/chmtx.o
                                0x437 (size before relaxing)
 .debug_str     0x00000c76      0x1c1 build/obj/chevents.o
                                0x55b (size before relaxing)
 .debug_str     0x00000e37      0x12e build/obj/chqueues.o
                                0x4c2 (size before relaxing)
 .debug_str     0x00000f65       0x78 build/obj/chmemcore.o
                                0x21d (size before relaxing)
 .debug_str     0x00000fdd       0xbb build/obj/chheap.o
                                0x426 (size before relaxing)
 .debug_str     0x00001098       0x95 build/obj/hal.o
                                0x22a (size before relaxing)
 .debug_str     0x0000112d      0x259 build/obj/i2c.o
                                0x5d2 (size before relaxing)
 .debug_str     0x00001386      0x19c build/obj/pwm.o
                                0x374 (size before relaxing)
 .debug_str     0x00001522      0x178 build/obj/serial.o
                                0x62a (size before relaxing)
 .debug_str     0x0000169a      0x217 build/obj/spi.o
                                0x5d8 (size before relaxing)
 .debug_str     0x000018b1      0x305 build/obj/hal_lld.o
                                0x4d8 (size before relaxing)
 .debug_str     0x00001bb6       0x71 build/obj/pal_lld.o
                                0x2b3 (size before relaxing)
 .debug_str     0x00001c27      0x28c build/obj/spi_lld.o
                                0x9f9 (size before relaxing)
 .debug_str     0x00001eb3       0x66 build/obj/serial_lld.o
                                0xa6b (size before relaxing)
 .debug_str     0x00001f19      0x26c build/obj/i2c_lld.o
                                0xcee (size before relaxing)
 .debug_str     0x00002185       0x59 build/obj/pwm_lld.o
                                0x9eb (size before relaxing)
 .debug_str     0x000021de       0x34 build/obj/board.o
                                0x404 (size before relaxing)
 .debug_str     0x00002212      0x830 build/obj/DeviceStandardReq.o
                                0xa37 (size before relaxing)
 .debug_str     0x00002a42      0x1a1 build/obj/Endpoint.o
                                0x599 (size before relaxing)
 .debug_str     0x00002be3      0x30a build/obj/EndpointStream.o
                                0x712 (size before relaxing)
 .debug_str     0x00002eed      0x13a build/obj/USBController.o
                                0x56b (size before relaxing)
 .debug_str     0x00003027       0x6c build/obj/USBTask.o
                                0x58c (size before relaxing)
 .debug_str     0x00003093      0x131 build/obj/HAL_LPC11Uxx.o
                                0xb93 (size before relaxing)
 .debug_str     0x000031c4      0x167 build/obj/Endpoint_LPC11Uxx.o
                                0x6d9 (size before relaxing)
 .debug_str     0x0000332b      0x482 build/obj/CDCClassDevice.o
                                0xc9e (size before relaxing)
 .debug_str     0x000037ad       0x4d build/obj/mymath.o
                                0x13e (size before relaxing)
 .debug_str     0x000037fa       0x3c build/obj/Kalman.o
                                0x12d (size before relaxing)
 .debug_str     0x00003836      0x8c5 build/obj/Descriptors.o
                                0xc76 (size before relaxing)
 .debug_str     0x000040fb      0x1ad build/obj/HP03.o
                                0x714 (size before relaxing)
 .debug_str     0x000042a8       0x7e build/obj/itoa.o
                                0x17d (size before relaxing)
 .debug_str     0x00004326      0x1f6 build/obj/LCD.o
                                0x6eb (size before relaxing)
 .debug_str     0x0000451c       0xad build/obj/RTC_r2051.o
                                0x62f (size before relaxing)
 .debug_str     0x000045c9       0x6a build/obj/VirtualSerial.o
                                0x646 (size before relaxing)
 .debug_str     0x00004633       0x6f build/obj/eeprom.o
                                0x238 (size before relaxing)
 .debug_str     0x000046a2       0x9f build/obj/logger.o
                                0x450 (size before relaxing)
 .debug_str     0x00004741       0xb9 build/obj/main.o
                                0xf1d (size before relaxing)

.comment        0x00000000       0x70
 .comment       0x00000000       0x70 build/obj/crt0.o
                                 0x71 (size before relaxing)
 .comment       0x00000000       0x71 build/obj/vectors.o
 .comment       0x00000000       0x71 build/obj/chcore.o
 .comment       0x00000000       0x71 build/obj/chcore_v6m.o
 .comment       0x00000000       0x71 build/obj/nvic.o
 .comment       0x00000000       0x71 build/obj/chsys.o
 .comment       0x00000000       0x71 build/obj/chvt.o
 .comment       0x00000000       0x71 build/obj/chschd.o
 .comment       0x00000000       0x71 build/obj/chthreads.o
 .comment       0x00000000       0x71 build/obj/chregistry.o
 .comment       0x00000000       0x71 build/obj/chmtx.o
 .comment       0x00000000       0x71 build/obj/chevents.o
 .comment       0x00000000       0x71 build/obj/chqueues.o
 .comment       0x00000000       0x71 build/obj/chmemcore.o
 .comment       0x00000000       0x71 build/obj/chheap.o
 .comment       0x00000000       0x71 build/obj/hal.o
 .comment       0x00000000       0x71 build/obj/i2c.o
 .comment       0x00000000       0x71 build/obj/pwm.o
 .comment       0x00000000       0x71 build/obj/serial.o
 .comment       0x00000000       0x71 build/obj/spi.o
 .comment       0x00000000       0x71 build/obj/hal_lld.o
 .comment       0x00000000       0x71 build/obj/pal_lld.o
 .comment       0x00000000       0x71 build/obj/spi_lld.o
 .comment       0x00000000       0x71 build/obj/serial_lld.o
 .comment       0x00000000       0x71 build/obj/i2c_lld.o
 .comment       0x00000000       0x71 build/obj/pwm_lld.o
 .comment       0x00000000       0x71 build/obj/board.o
 .comment       0x00000000       0x71 build/obj/DeviceStandardReq.o
 .comment       0x00000000       0x71 build/obj/Endpoint.o
 .comment       0x00000000       0x71 build/obj/EndpointStream.o
 .comment       0x00000000       0x71 build/obj/USBController.o
 .comment       0x00000000       0x71 build/obj/USBTask.o
 .comment       0x00000000       0x71 build/obj/HAL_LPC11Uxx.o
 .comment       0x00000000       0x71 build/obj/Endpoint_LPC11Uxx.o
 .comment       0x00000000       0x71 build/obj/CDCClassDevice.o
 .comment       0x00000000       0x71 build/obj/mymath.o
 .comment       0x00000000       0x71 build/obj/Kalman.o
 .comment       0x00000000       0x71 build/obj/Descriptors.o
 .comment       0x00000000       0x71 build/obj/HP03.o
 .comment       0x00000000       0x71 build/obj/itoa.o
 .comment       0x00000000       0x71 build/obj/LCD.o
 .comment       0x00000000       0x71 build/obj/RTC_r2051.o
 .comment       0x00000000       0x71 build/obj/VirtualSerial.o
 .comment       0x00000000       0x71 build/obj/eeprom.o
 .comment       0x00000000       0x71 build/obj/logger.o
 .comment       0x00000000       0x71 build/obj/main.o

.ARM.attributes
                0x00000000       0x31
 .ARM.attributes
                0x00000000       0x31 build/obj/crt0.o
 .ARM.attributes
                0x00000031       0x31 build/obj/vectors.o
 .ARM.attributes
                0x00000062       0x31 build/obj/chcore.o
 .ARM.attributes
                0x00000093       0x31 build/obj/chcore_v6m.o
 .ARM.attributes
                0x000000c4       0x31 build/obj/nvic.o
 .ARM.attributes
                0x000000f5       0x31 build/obj/chsys.o
 .ARM.attributes
                0x00000126       0x31 build/obj/chvt.o
 .ARM.attributes
                0x00000157       0x31 build/obj/chschd.o
 .ARM.attributes
                0x00000188       0x31 build/obj/chthreads.o
 .ARM.attributes
                0x000001b9       0x31 build/obj/chregistry.o
 .ARM.attributes
                0x000001ea       0x31 build/obj/chmtx.o
 .ARM.attributes
                0x0000021b       0x31 build/obj/chevents.o
 .ARM.attributes
                0x0000024c       0x31 build/obj/chqueues.o
 .ARM.attributes
                0x0000027d       0x31 build/obj/chmemcore.o
 .ARM.attributes
                0x000002ae       0x31 build/obj/chheap.o
 .ARM.attributes
                0x000002df       0x31 build/obj/hal.o
 .ARM.attributes
                0x00000310       0x31 build/obj/i2c.o
 .ARM.attributes
                0x00000341       0x31 build/obj/pwm.o
 .ARM.attributes
                0x00000372       0x31 build/obj/serial.o
 .ARM.attributes
                0x000003a3       0x31 build/obj/spi.o
 .ARM.attributes
                0x000003d4       0x31 build/obj/hal_lld.o
 .ARM.attributes
                0x00000405       0x31 build/obj/pal_lld.o
 .ARM.attributes
                0x00000436       0x31 build/obj/spi_lld.o
 .ARM.attributes
                0x00000467       0x31 build/obj/serial_lld.o
 .ARM.attributes
                0x00000498       0x31 build/obj/i2c_lld.o
 .ARM.attributes
                0x000004c9       0x31 build/obj/pwm_lld.o
 .ARM.attributes
                0x000004fa       0x31 build/obj/board.o
 .ARM.attributes
                0x0000052b       0x31 build/obj/DeviceStandardReq.o
 .ARM.attributes
                0x0000055c       0x31 build/obj/Endpoint.o
 .ARM.attributes
                0x0000058d       0x31 build/obj/EndpointStream.o
 .ARM.attributes
                0x000005be       0x31 build/obj/USBController.o
 .ARM.attributes
                0x000005ef       0x31 build/obj/USBTask.o
 .ARM.attributes
                0x00000620       0x31 build/obj/HAL_LPC11Uxx.o
 .ARM.attributes
                0x00000651       0x31 build/obj/Endpoint_LPC11Uxx.o
 .ARM.attributes
                0x00000682       0x31 build/obj/CDCClassDevice.o
 .ARM.attributes
                0x000006b3       0x31 build/obj/mymath.o
 .ARM.attributes
                0x000006e4       0x31 build/obj/Kalman.o
 .ARM.attributes
                0x00000715       0x31 build/obj/Descriptors.o
 .ARM.attributes
                0x00000746       0x31 build/obj/HP03.o
 .ARM.attributes
                0x00000777       0x31 build/obj/itoa.o
 .ARM.attributes
                0x000007a8       0x31 build/obj/LCD.o
 .ARM.attributes
                0x000007d9       0x31 build/obj/RTC_r2051.o
 .ARM.attributes
                0x0000080a       0x31 build/obj/VirtualSerial.o
 .ARM.attributes
                0x0000083b       0x31 build/obj/eeprom.o
 .ARM.attributes
                0x0000086c       0x31 build/obj/logger.o
 .ARM.attributes
                0x0000089d       0x31 build/obj/main.o
 .ARM.attributes
                0x000008ce       0x1e /usr/local/lpcxpresso_7.3.0_186/lpcxpresso/tools/bin/../lib/gcc/arm-none-eabi/4.8.4/armv6-m/libgcc.a(_udivsi3.o)
 .ARM.attributes
                0x000008ec       0x1e /usr/local/lpcxpresso_7.3.0_186/lpcxpresso/tools/bin/../lib/gcc/arm-none-eabi/4.8.4/armv6-m/libgcc.a(_divsi3.o)
 .ARM.attributes
                0x0000090a       0x1e /usr/local/lpcxpresso_7.3.0_186/lpcxpresso/tools/bin/../lib/gcc/arm-none-eabi/4.8.4/armv6-m/libgcc.a(_dvmd_tls.o)
 .ARM.attributes
                0x00000928       0x1e /usr/local/lpcxpresso_7.3.0_186/lpcxpresso/tools/bin/../lib/gcc/arm-none-eabi/4.8.4/armv6-m/libgcc.a(_arm_cmpsf2.o)
 .ARM.attributes
                0x00000946       0x2c /usr/local/lpcxpresso_7.3.0_186/lpcxpresso/tools/bin/../lib/gcc/arm-none-eabi/4.8.4/armv6-m/libgcc.a(addsf3.o)
 .ARM.attributes
                0x00000972       0x2c /usr/local/lpcxpresso_7.3.0_186/lpcxpresso/tools/bin/../lib/gcc/arm-none-eabi/4.8.4/armv6-m/libgcc.a(divsf3.o)
 .ARM.attributes
                0x0000099e       0x2c /usr/local/lpcxpresso_7.3.0_186/lpcxpresso/tools/bin/../lib/gcc/arm-none-eabi/4.8.4/armv6-m/libgcc.a(eqsf2.o)
 .ARM.attributes
                0x000009ca       0x2c /usr/local/lpcxpresso_7.3.0_186/lpcxpresso/tools/bin/../lib/gcc/arm-none-eabi/4.8.4/armv6-m/libgcc.a(gesf2.o)
 .ARM.attributes
                0x000009f6       0x2c /usr/local/lpcxpresso_7.3.0_186/lpcxpresso/tools/bin/../lib/gcc/arm-none-eabi/4.8.4/armv6-m/libgcc.a(lesf2.o)
 .ARM.attributes
                0x00000a22       0x2c /usr/local/lpcxpresso_7.3.0_186/lpcxpresso/tools/bin/../lib/gcc/arm-none-eabi/4.8.4/armv6-m/libgcc.a(mulsf3.o)
 .ARM.attributes
                0x00000a4e       0x2c /usr/local/lpcxpresso_7.3.0_186/lpcxpresso/tools/bin/../lib/gcc/arm-none-eabi/4.8.4/armv6-m/libgcc.a(subsf3.o)
 .ARM.attributes
                0x00000a7a       0x2c /usr/local/lpcxpresso_7.3.0_186/lpcxpresso/tools/bin/../lib/gcc/arm-none-eabi/4.8.4/armv6-m/libgcc.a(fixsfsi.o)
 .ARM.attributes
                0x00000aa6       0x2c /usr/local/lpcxpresso_7.3.0_186/lpcxpresso/tools/bin/../lib/gcc/arm-none-eabi/4.8.4/armv6-m/libgcc.a(floatsisf.o)
 .ARM.attributes
                0x00000ad2       0x1e /usr/local/lpcxpresso_7.3.0_186/lpcxpresso/tools/bin/../lib/gcc/arm-none-eabi/4.8.4/armv6-m/libgcc.a(_clzsi2.o)
 .ARM.attributes
                0x00000af0       0x2c /usr/local/lpcxpresso_7.3.0_186/lpcxpresso/tools/bin/../lib/gcc/arm-none-eabi/4.8.4/../../../../arm-none-eabi/lib/armv6-m/libg.a(lib_a-memcpy-stub.o)
 .ARM.attributes
                0x00000b1c       0x2c /usr/local/lpcxpresso_7.3.0_186/lpcxpresso/tools/bin/../lib/gcc/arm-none-eabi/4.8.4/../../../../arm-none-eabi/lib/armv6-m/libg.a(lib_a-memset.o)

.debug_frame    0x00000000     0x2204
 .debug_frame   0x00000000       0x50 build/obj/crt0.o
 .debug_frame   0x00000050       0x20 build/obj/vectors.o
 .debug_frame   0x00000070       0x20 build/obj/chcore.o
 .debug_frame   0x00000090       0x7c build/obj/chcore_v6m.o
 .debug_frame   0x0000010c       0x68 build/obj/nvic.o
 .debug_frame   0x00000174       0x5c build/obj/chsys.o
 .debug_frame   0x000001d0       0x4c build/obj/chvt.o
 .debug_frame   0x0000021c      0x114 build/obj/chschd.o
 .debug_frame   0x00000330      0x150 build/obj/chthreads.o
 .debug_frame   0x00000480       0x3c build/obj/chregistry.o
 .debug_frame   0x000004bc       0xe0 build/obj/chmtx.o
 .debug_frame   0x0000059c      0x1cc build/obj/chevents.o
 .debug_frame   0x00000768      0x170 build/obj/chqueues.o
 .debug_frame   0x000008d8       0x5c build/obj/chmemcore.o
 .debug_frame   0x00000934       0xb0 build/obj/chheap.o
 .debug_frame   0x000009e4       0x2c build/obj/hal.o
 .debug_frame   0x00000a10      0x100 build/obj/i2c.o
 .debug_frame   0x00000b10       0xbc build/obj/pwm.o
 .debug_frame   0x00000bcc      0x1a4 build/obj/serial.o
 .debug_frame   0x00000d70      0x1d0 build/obj/spi.o
 .debug_frame   0x00000f40       0x3c build/obj/hal_lld.o
 .debug_frame   0x00000f7c       0x3c build/obj/pal_lld.o
 .debug_frame   0x00000fb8      0x154 build/obj/spi_lld.o
 .debug_frame   0x0000110c       0xbc build/obj/serial_lld.o
 .debug_frame   0x000011c8      0x114 build/obj/i2c_lld.o
 .debug_frame   0x000012dc       0xc0 build/obj/pwm_lld.o
 .debug_frame   0x0000139c       0x3c build/obj/board.o
 .debug_frame   0x000013d8       0x34 build/obj/DeviceStandardReq.o
 .debug_frame   0x0000140c       0x60 build/obj/Endpoint.o
 .debug_frame   0x0000146c      0x184 build/obj/EndpointStream.o
 .debug_frame   0x000015f0       0x68 build/obj/USBController.o
 .debug_frame   0x00001658       0x30 build/obj/USBTask.o
 .debug_frame   0x00001688       0x7c build/obj/HAL_LPC11Uxx.o
 .debug_frame   0x00001704       0xfc build/obj/Endpoint_LPC11Uxx.o
 .debug_frame   0x00001800      0x190 build/obj/CDCClassDevice.o
 .debug_frame   0x00001990       0x30 build/obj/mymath.o
 .debug_frame   0x000019c0       0x50 build/obj/Kalman.o
 .debug_frame   0x00001a10       0x20 build/obj/Descriptors.o
 .debug_frame   0x00001a30       0xe0 build/obj/HP03.o
 .debug_frame   0x00001b10       0x44 build/obj/itoa.o
 .debug_frame   0x00001b54      0x164 build/obj/LCD.o
 .debug_frame   0x00001cb8       0xbc build/obj/RTC_r2051.o
 .debug_frame   0x00001d74       0x80 build/obj/VirtualSerial.o
 .debug_frame   0x00001df4       0x40 build/obj/eeprom.o
 .debug_frame   0x00001e34       0x74 build/obj/logger.o
 .debug_frame   0x00001ea8      0x10c build/obj/main.o
 .debug_frame   0x00001fb4       0x20 /usr/local/lpcxpresso_7.3.0_186/lpcxpresso/tools/bin/../lib/gcc/arm-none-eabi/4.8.4/armv6-m/libgcc.a(_udivsi3.o)
 .debug_frame   0x00001fd4       0x20 /usr/local/lpcxpresso_7.3.0_186/lpcxpresso/tools/bin/../lib/gcc/arm-none-eabi/4.8.4/armv6-m/libgcc.a(_divsi3.o)
 .debug_frame   0x00001ff4       0x30 /usr/local/lpcxpresso_7.3.0_186/lpcxpresso/tools/bin/../lib/gcc/arm-none-eabi/4.8.4/armv6-m/libgcc.a(addsf3.o)
 .debug_frame   0x00002024       0x3c /usr/local/lpcxpresso_7.3.0_186/lpcxpresso/tools/bin/../lib/gcc/arm-none-eabi/4.8.4/armv6-m/libgcc.a(divsf3.o)
 .debug_frame   0x00002060       0x2c /usr/local/lpcxpresso_7.3.0_186/lpcxpresso/tools/bin/../lib/gcc/arm-none-eabi/4.8.4/armv6-m/libgcc.a(eqsf2.o)
 .debug_frame   0x0000208c       0x30 /usr/local/lpcxpresso_7.3.0_186/lpcxpresso/tools/bin/../lib/gcc/arm-none-eabi/4.8.4/armv6-m/libgcc.a(gesf2.o)
 .debug_frame   0x000020bc       0x30 /usr/local/lpcxpresso_7.3.0_186/lpcxpresso/tools/bin/../lib/gcc/arm-none-eabi/4.8.4/armv6-m/libgcc.a(lesf2.o)
 .debug_frame   0x000020ec       0x3c /usr/local/lpcxpresso_7.3.0_186/lpcxpresso/tools/bin/../lib/gcc/arm-none-eabi/4.8.4/armv6-m/libgcc.a(mulsf3.o)
 .debug_frame   0x00002128       0x30 /usr/local/lpcxpresso_7.3.0_186/lpcxpresso/tools/bin/../lib/gcc/arm-none-eabi/4.8.4/armv6-m/libgcc.a(subsf3.o)
 .debug_frame   0x00002158       0x20 /usr/local/lpcxpresso_7.3.0_186/lpcxpresso/tools/bin/../lib/gcc/arm-none-eabi/4.8.4/armv6-m/libgcc.a(fixsfsi.o)
 .debug_frame   0x00002178       0x2c /usr/local/lpcxpresso_7.3.0_186/lpcxpresso/tools/bin/../lib/gcc/arm-none-eabi/4.8.4/armv6-m/libgcc.a(floatsisf.o)
 .debug_frame   0x000021a4       0x30 /usr/local/lpcxpresso_7.3.0_186/lpcxpresso/tools/bin/../lib/gcc/arm-none-eabi/4.8.4/../../../../arm-none-eabi/lib/armv6-m/libg.a(lib_a-memcpy-stub.o)
 .debug_frame   0x000021d4       0x30 /usr/local/lpcxpresso_7.3.0_186/lpcxpresso/tools/bin/../lib/gcc/arm-none-eabi/4.8.4/../../../../arm-none-eabi/lib/armv6-m/libg.a(lib_a-memset.o)

Cross Reference Table

Symbol                                            File
BusFaultVector                                    build/obj/vectors.o
CALLBACK_USB_GetDescriptor                        build/obj/Descriptors.o
                                                  build/obj/DeviceStandardReq.o
CDC_Device_BytesReceived                          build/obj/CDCClassDevice.o
                                                  build/obj/VirtualSerial.o
CDC_Device_ConfigureEndpoints                     build/obj/CDCClassDevice.o
                                                  build/obj/VirtualSerial.o
CDC_Device_Event_Stub                             build/obj/CDCClassDevice.o
CDC_Device_Event_Stub2                            build/obj/CDCClassDevice.o
CDC_Device_Flush                                  build/obj/CDCClassDevice.o
CDC_Device_ProcessControlRequest                  build/obj/CDCClassDevice.o
                                                  build/obj/VirtualSerial.o
CDC_Device_ReceiveByte                            build/obj/CDCClassDevice.o
                                                  build/obj/VirtualSerial.o
CDC_Device_SendByte                               build/obj/CDCClassDevice.o
CDC_Device_SendControlLineStateChange             build/obj/CDCClassDevice.o
CDC_Device_SendData                               build/obj/CDCClassDevice.o
                                                  build/obj/VirtualSerial.o
CDC_Device_SendString                             build/obj/CDCClassDevice.o
CDC_Device_USBTask                                build/obj/CDCClassDevice.o
ConfigurationDescriptor                           build/obj/Descriptors.o
DcdDataTransfer                                   build/obj/Endpoint_LPC11Uxx.o
                                                  build/obj/CDCClassDevice.o
                                                  build/obj/EndpointStream.o
                                                  build/obj/Endpoint.o
                                                  build/obj/DeviceStandardReq.o
DebugMonitorVector                                build/obj/vectors.o
DeviceDescriptor                                  build/obj/Descriptors.o
EVENT_CDC_Device_BreakSent                        build/obj/CDCClassDevice.o
EVENT_CDC_Device_ControLineStateChanged           build/obj/CDCClassDevice.o
EVENT_CDC_Device_LineEncodingChanged              build/obj/CDCClassDevice.o
EVENT_USB_Device_ConfigurationChanged             build/obj/VirtualSerial.o
                                                  build/obj/Events.o
                                                  build/obj/DeviceStandardReq.o
EVENT_USB_Device_Connect                          build/obj/Events.o
EVENT_USB_Device_ControlRequest                   build/obj/VirtualSerial.o
                                                  build/obj/Events.o
                                                  build/obj/DeviceStandardReq.o
EVENT_USB_Device_Disconnect                       build/obj/Events.o
EVENT_USB_Device_Reset                            build/obj/Events.o
EVENT_USB_Device_StartOfFrame                     build/obj/Events.o
EVENT_USB_Device_Suspend                          build/obj/Events.o
EVENT_USB_Device_WakeUp                           build/obj/Events.o
EndPointCmdStsList                                build/obj/Endpoint_LPC11Uxx.o
                                                  build/obj/CDCClassDevice.o
                                                  build/obj/EndpointStream.o
                                                  build/obj/Endpoint.o
                                                  build/obj/DeviceStandardReq.o
EndpointMaxPacketSize                             build/obj/Endpoint_LPC11Uxx.o
Endpoint_ClearEndpoints                           build/obj/Endpoint.o
Endpoint_ClearStatusStage                         build/obj/Endpoint.o
                                                  build/obj/CDCClassDevice.o
                                                  build/obj/DeviceStandardReq.o
Endpoint_ConfigureEndpoint                        build/obj/Endpoint_LPC11Uxx.o
                                                  build/obj/CDCClassDevice.o
                                                  build/obj/USBController.o
Endpoint_ConfigureEndpointControl                 build/obj/Endpoint_LPC11Uxx.o
Endpoint_ConfigureEndpoint_Prv                    build/obj/Endpoint.o
Endpoint_Discard_Stream                           build/obj/EndpointStream.o
Endpoint_GetSetupPackage                          build/obj/Endpoint_LPC11Uxx.o
                                                  build/obj/DeviceStandardReq.o
Endpoint_Null_Stream                              build/obj/EndpointStream.o
Endpoint_Read_Control_Stream_BE                   build/obj/EndpointStream.o
Endpoint_Read_Control_Stream_LE                   build/obj/EndpointStream.o
Endpoint_Read_Stream_BE                           build/obj/EndpointStream.o
Endpoint_Read_Stream_LE                           build/obj/EndpointStream.o
Endpoint_Streaming                                build/obj/Endpoint_LPC11Uxx.o
Endpoint_WaitUntilReady                           build/obj/Endpoint.o
                                                  build/obj/CDCClassDevice.o
Endpoint_Write_Control_Stream_BE                  build/obj/EndpointStream.o
Endpoint_Write_Control_Stream_LE                  build/obj/EndpointStream.o
                                                  build/obj/DeviceStandardReq.o
Endpoint_Write_Stream_BE                          build/obj/EndpointStream.o
Endpoint_Write_Stream_LE                          build/obj/EndpointStream.o
                                                  build/obj/CDCClassDevice.o
                                                  build/obj/Endpoint_LPC11Uxx.o
HAL_DisableUSBInterrupt                           build/obj/HAL_LPC11Uxx.o
HAL_EnableUSBInterrupt                            build/obj/HAL_LPC11Uxx.o
                                                  build/obj/USBController.o
HAL_Reset                                         build/obj/Endpoint_LPC11Uxx.o
                                                  build/obj/HAL_LPC11Uxx.o
HAL_SetDeviceAddress                              build/obj/HAL_LPC11Uxx.o
                                                  build/obj/Endpoint_LPC11Uxx.o
                                                  build/obj/DeviceStandardReq.o
HAL_USBConnect                                    build/obj/HAL_LPC11Uxx.o
                                                  build/obj/USBController.o
HAL_USBDeInit                                     build/obj/HAL_LPC11Uxx.o
                                                  build/obj/USBController.o
HAL_USBInit                                       build/obj/HAL_LPC11Uxx.o
                                                  build/obj/USBController.o
HP03_getPressure                                  build/obj/HP03.o
                                                  build/obj/main.o
HP03_getTemperature                               build/obj/HP03.o
                                                  build/obj/main.o
HP03_pressureSeaLevelFromAltitude                 build/obj/HP03.o